[student@master ~]$ ping node1
ping: node1: Name or service not known
[student@master ~]$ cat /etc/hosts
127.0.0.1   localhost localhost.localdomain localhost4 localhost4.localdomain4
::1         localhost localhost.localdomain localhost6 localhost6.localdomain6
[student@master ~]$ ansible-doc
usage: ansible-doc [-h] [--version] [-v] [-M MODULE_PATH] [--playbook-dir BASEDIR] [-t {become,cache,callback,cliconf,connection,httpapi,inventory,lookup,netconf,shell,vars,module,strategy,test,filter,role,keyword}] [-j] [-r ROLES_PATH]
                   [-e ENTRY_POINT | -s | -F | -l | --metadata-dump] [--no-fail-on-errors]
                   [plugin ...]

plugin documentation tool

positional arguments:
  plugin                Plugin

optional arguments:
  --metadata-dump       **For internal use only** Dump json metadata for all entries, ignores other options.
  --no-fail-on-errors   **For internal use only** Only used for --metadata-dump. Do not fail on errors. Report the error message in the JSON instead.
  --playbook-dir BASEDIR
                        Since this tool does not use playbooks, use this as a substitute playbook directory. This sets the relative path for many features including roles/ group_vars/ etc.
  --version             show program's version number, config file location, configured module search path, module location, executable location and exit
  -F, --list_files      Show plugin names and their source files without summaries (implies --list). A supplied argument will be used for filtering, can be a namespace or full collection name.
  -M MODULE_PATH, --module-path MODULE_PATH
                        prepend colon-separated path(s) to module library (default={{ ANSIBLE_HOME ~ "/plugins/modules:/usr/share/ansible/plugins/modules" }})
  -e ENTRY_POINT, --entry-point ENTRY_POINT
                        Select the entry point for role(s).
  -h, --help            show this help message and exit
  -j, --json            Change output into json format.
  -l, --list            List available plugins. A supplied argument will be used for filtering, can be a namespace or full collection name.
  -r ROLES_PATH, --roles-path ROLES_PATH
                        The path to the directory containing your roles.
  -s, --snippet         Show playbook snippet for these plugin types: inventory, lookup, module
  -t {become,cache,callback,cliconf,connection,httpapi,inventory,lookup,netconf,shell,vars,module,strategy,test,filter,role,keyword}, --type {become,cache,callback,cliconf,connection,httpapi,inventory,lookup,netconf,shell,vars,module,strategy,test,filter,role,keyword}
                        Choose which plugin type (defaults to "module"). Available plugin types are : ('become', 'cache', 'callback', 'cliconf', 'connection', 'httpapi', 'inventory', 'lookup', 'netconf', 'shell', 'vars', 'module',
                        'strategy', 'test', 'filter', 'role', 'keyword')
  -v, --verbose         Causes Ansible to print more debug messages. Adding multiple -v will increase the verbosity, the builtin plugins currently evaluate up to -vvvvvv. A reasonable level to start is -vvv, connection debugging might
                        require -vvvv.

See man pages for Ansible CLI options or website for tutorials https://docs.ansible.com
ERROR! Missing name(s), incorrect options passed for detailed documentation.
[student@master ~]$ ansible-docs
bash: ansible-docs: command not found...
[student@master ~]$ ansible-doc
usage: ansible-doc [-h] [--version] [-v] [-M MODULE_PATH] [--playbook-dir BASEDIR] [-t {become,cache,callback,cliconf,connection,httpapi,inventory,lookup,netconf,shell,vars,module,strategy,test,filter,role,keyword}] [-j] [-r ROLES_PATH]
                   [-e ENTRY_POINT | -s | -F | -l | --metadata-dump] [--no-fail-on-errors]
                   [plugin ...]

plugin documentation tool

positional arguments:
  plugin                Plugin

optional arguments:
  --metadata-dump       **For internal use only** Dump json metadata for all entries, ignores other options.
  --no-fail-on-errors   **For internal use only** Only used for --metadata-dump. Do not fail on errors. Report the error message in the JSON instead.
  --playbook-dir BASEDIR
                        Since this tool does not use playbooks, use this as a substitute playbook directory. This sets the relative path for many features including roles/ group_vars/ etc.
  --version             show program's version number, config file location, configured module search path, module location, executable location and exit
  -F, --list_files      Show plugin names and their source files without summaries (implies --list). A supplied argument will be used for filtering, can be a namespace or full collection name.
  -M MODULE_PATH, --module-path MODULE_PATH
                        prepend colon-separated path(s) to module library (default={{ ANSIBLE_HOME ~ "/plugins/modules:/usr/share/ansible/plugins/modules" }})
  -e ENTRY_POINT, --entry-point ENTRY_POINT
                        Select the entry point for role(s).
  -h, --help            show this help message and exit
  -j, --json            Change output into json format.
  -l, --list            List available plugins. A supplied argument will be used for filtering, can be a namespace or full collection name.
  -r ROLES_PATH, --roles-path ROLES_PATH
                        The path to the directory containing your roles.
  -s, --snippet         Show playbook snippet for these plugin types: inventory, lookup, module
  -t {become,cache,callback,cliconf,connection,httpapi,inventory,lookup,netconf,shell,vars,module,strategy,test,filter,role,keyword}, --type {become,cache,callback,cliconf,connection,httpapi,inventory,lookup,netconf,shell,vars,module,strategy,test,filter,role,keyword}
                        Choose which plugin type (defaults to "module"). Available plugin types are : ('become', 'cache', 'callback', 'cliconf', 'connection', 'httpapi', 'inventory', 'lookup', 'netconf', 'shell', 'vars', 'module',
                        'strategy', 'test', 'filter', 'role', 'keyword')
  -v, --verbose         Causes Ansible to print more debug messages. Adding multiple -v will increase the verbosity, the builtin plugins currently evaluate up to -vvvvvv. A reasonable level to start is -vvv, connection debugging might
                        require -vvvv.

See man pages for Ansible CLI options or website for tutorials https://docs.ansible.com
ERROR! Missing name(s), incorrect options passed for detailed documentation.
[student@master ~]$ ansible-doc -l
ansible.builtin.add_host               Add a host (and alternatively a group) to the ansible-playbook in-memory inventory                                                                                                                
ansible.builtin.apt                    Manages apt-packages                                                                                                                                                                              
ansible.builtin.apt_key                Add or remove an apt key                                                                                                                                                                          
ansible.builtin.apt_repository         Add and remove APT repositories                                                                                                                                                                   
ansible.builtin.assemble               Assemble configuration files from fragments                                                                                                                                                       
ansible.builtin.assert                 Asserts given expressions are true                                                                                                                                                                
ansible.builtin.async_status           Obtain status of asynchronous task                                                                                                                                                                
ansible.builtin.blockinfile            Insert/update/remove a text block surrounded by marker lines                                                                                                                                      
ansible.builtin.command                Execute commands on targets                                                                                                                                                                       
ansible.builtin.copy                   Copy files to remote locations                                                                                                                                                                    
ansible.builtin.cron                   Manage cron.d and crontab entries                                                                                                                                                                 
ansible.builtin.deb822_repository      Add and remove deb822 formatted repositories                                                                                                                                                      
ansible.builtin.debconf                Configure a .deb package                                                                                                                                                                          
ansible.builtin.debug                  Print statements during execution                                                                                                                                                                 
ansible.builtin.dnf                    Manages packages with the `dnf' package manager                                                                                                                                                   
ansible.builtin.dnf5                   Manages packages with the `dnf5' package manager                                                                                                                                                  
ansible.builtin.dpkg_selections        Dpkg package selection selections                                                                                                                                                                 
ansible.builtin.expect                 Executes a command and responds to prompts                                                                                                                                                        
ansible.builtin.fail                   Fail with custom message                                                                                                                                                                          
ansible.builtin.fetch                  Fetch files from remote nodes                                                                                                                                                                     
ansible.builtin.file                   Manage files and file properties                                                                                                                                                                  
ansible.builtin.find                   Return a list of files based on specific criteria                                                                                                                                                 
ansible.builtin.gather_facts           Gathers facts about remote hosts                                                                                                                                                                  
ansible.builtin.get_url                Downloads files from HTTP, HTTPS, or FTP to node                                                                                                                                                  
ansible.builtin.getent                 A wrapper to the unix getent utility                                                                                                                                                              
ansible.builtin.git                    Deploy software (or files) from git checkouts                                                                                                                                                     
ansible.builtin.group                  Add or remove groups                                                                                                                                                                              
ansible.builtin.group_by               Create Ansible groups based on facts                                                                                                                                                              
ansible.builtin.hostname               Manage hostname                                                                                                                                                                                   
ansible.builtin.import_playbook        Import a playbook                                                                                                                                                                                 
ansible.builtin.import_role            Import a role into a play                                                                                                                                                                         
ansible.builtin.import_tasks           Import a task list                                                                                                                                                                                
ansible.builtin.include_role           Load and execute a role                                                                                                                                                                           
ansible.builtin.include_tasks          Dynamically include a task list                                                                                                                                                                   
ansible.builtin.include_vars           Load variables from files, dynamically within a task                                                                                                                                              
ansible.builtin.iptables               Modify iptables rules                                                                                                                                                                             
ansible.builtin.known_hosts            Add or remove a host from the `known_hosts' file                                                                                                                                                  
ansible.builtin.lineinfile             Manage lines in text files                                                                                                                                                                        
ansible.builtin.meta                   Execute Ansible 'actions'                                                                                                                                                                         
ansible.builtin.package                Generic OS package manager                                                                                                                                                                        
ansible.builtin.package_facts          Package information as facts                                                                                                                                                                      
ansible.builtin.pause                  Pause playbook execution                                                                                                                                                                          
ansible.builtin.ping                   Try to connect to host, verify a usable python and return `pong' on success                                                                                                                       
ansible.builtin.pip                    Manages Python library dependencies                                                                                                                                                               
ansible.builtin.raw                    Executes a low-down and dirty command                                                                                                                                                             
ansible.builtin.reboot                 Reboot a machine                                                                                                                                                                                  
ansible.builtin.replace                Replace all instances of a particular string in a file using a back-referenced regular expression                                                                                                 
ansible.builtin.rpm_key                Adds or removes a gpg key from the rpm db                                                                                                                                                         
ansible.builtin.script                 Runs a local script on a remote node after transferring it                                                                                                                                        
ansible.builtin.service                Manage services                                                                                                                                                                                   
ansible.builtin.service_facts          Return service state information as fact data                                                                                                                                                     
ansible.builtin.set_fact               Set host variable(s) and fact(s)                                                                                                                                                                  
ansible.builtin.set_stats              Define and display stats for the current ansible run                                                                                                                                              
ansible.builtin.setup                  Gathers facts about remote hosts                                                                                                                                                                  
ansible.builtin.shell                  Execute shell commands on targets                                                                                                                                                                 
ansible.builtin.slurp                  Slurps a file from remote nodes                                                                                                                                                                   
ansible.builtin.stat                   Retrieve file or file system status                                                                                                                                                               
ansible.builtin.subversion             Deploys a subversion repository                                                                                                                                                                   
ansible.builtin.systemd                Manage systemd units                                                                                                                                                                              
ansible.builtin.systemd_service        Manage systemd units                                                                                                                                                                              
ansible.builtin.sysvinit               Manage SysV services                                                                                                                                                                              
ansible.builtin.tempfile               Creates temporary files and directories                                                                                                                                                           
ansible.builtin.template               Template a file out to a target host                                                                                                                                                              
ansible.builtin.unarchive              Unpacks an archive after (optionally) copying it from the local machine                                                                                                                           
ansible.builtin.uri                    Interacts with webservices                                                                                                                                                                        
ansible.builtin.user                   Manage user accounts                                                                                                                                                                              
ansible.builtin.validate_argument_spec Validate role argument specs                                                                                                                                                                      
ansible.builtin.wait_for               Waits for a condition before continuing                                                                                                                                                           
ansible.builtin.wait_for_connection    Waits until remote system is reachable/usable                                                                                                                                                     
ansible.builtin.yum                    Manages packages with the `yum' package manager                                                                                                                                                   
ansible.builtin.yum_repository         Add or remove YUM repositories                                                                                                                                                                    

DEPRECATED:
ansible.builtin.include                Include a task list                                                                                                                                                                               
[student@master ~]$ ansible-doc raw
> ANSIBLE.BUILTIN.RAW    (/home/student/.local/lib/python3.9/site-packages/ansible/modules/raw.py)

        Executes a low-down and dirty SSH command, not going through the module subsystem. This is useful and should only be done in a few cases. A common case is installing `python' on a
        system without python installed by default. Another is speaking to any devices such as routers that do not have any Python installed. In any other case, using the
        [ansible.builtin.shell] or [ansible.builtin.command] module is much more appropriate. Arguments given to `raw' are run directly through the configured remote shell. Standard output,
        error output and return code are returned when available. There is no change handler support for this module. This module does not require python on the remote system, much like the
        [ansible.builtin.script] module. This module is also supported for Windows targets. If the command returns non UTF-8 data, it must be encoded to avoid issues. One option is to pipe
        the output through `base64'.

ADDED IN: historical

  * note: This module has a corresponding action plugin.

OPTIONS (= is mandatory):

- executable
        Change the shell used to execute the command. Should be an absolute path to the executable.
        When using privilege escalation (`become') a default shell will be assigned if one is not provided as privilege escalation requires a shell.
        default: null
        added in: version 1.0 of ansible-core


= free_form
        The raw module takes a free form command to run.
        There is no parameter actually named 'free form'; see the examples!


ATTRIBUTES:

        check_mode:
          description: Can run in check_mode and return changed status prediction without
            modifying target
          support: none
        diff_mode:
          description: Will return details on what has changed (or possibly needs changing
            in check_mode), when in diff mode
          support: none
        platform:
          description: Target OS/families that can be operated against
          details: This action is one of the few that requires no Python on the remote as
            it passes the command directly into the connection string
          platforms: all
          support: N/A
[student@master ~]$ which date
/usr/bin/date
[student@master ~]$ ansible-doc -l
amazon.aws.autoscaling_group                                                                     Create or delete AWS AutoScaling Groups (ASGs)                                                                                          
amazon.aws.autoscaling_group_info                                                                Gather information about EC2 Auto Scaling Groups (ASGs) in AWS                                                                          
amazon.aws.aws_az_info                                                                           Gather information about availability zones in AWS                                                                                      
amazon.aws.aws_caller_info                                                                       Get information about the user and account being used to make AWS calls                                                                 
amazon.aws.aws_region_info                                                                       Gather information about AWS regions                                                                                                    
amazon.aws.backup_plan                                                                           Manage AWS Backup Plans                                                                                                                 
amazon.aws.backup_plan_info                                                                      Describe AWS Backup Plans                                                                                                               
amazon.aws.backup_restore_job_info                                                               List information about backup restore jobs                                                                                              
amazon.aws.backup_selection                                                                      Create, delete and modify AWS Backup selection                                                                                          
amazon.aws.backup_selection_info                                                                 Describe AWS Backup Selections                                                                                                          
amazon.aws.backup_tag                                                                            Manage tags on backup plan, backup vault, recovery point                                                                                
amazon.aws.backup_tag_info                                                                       List tags on AWS Backup resources                                                                                                       
amazon.aws.backup_vault                                                                          Manage AWS Backup Vaults                                                                                                                
amazon.aws.backup_vault_info                                                                     Describe AWS Backup Vaults                                                                                                              
amazon.aws.cloudformation                                                                        Create or delete an AWS CloudFormation stack                                                                                            
amazon.aws.cloudformation_info                                                                   Obtain information about an AWS CloudFormation stack                                                                                    
amazon.aws.cloudtrail                                                                            manage CloudTrail create, delete, update                                                                                                
amazon.aws.cloudtrail_info                                                                       Gather information about trails in AWS Cloud Trail                                                                                      
amazon.aws.cloudwatch_metric_alarm                                                               Create/update or delete AWS CloudWatch 'metric alarms'                                                                                  
amazon.aws.cloudwatch_metric_alarm_info                                                          Gather information about the alarms for the specified metric                                                                            
amazon.aws.cloudwatchevent_rule                                                                  Manage CloudWatch Event rules and targets                                                                                               
amazon.aws.cloudwatchlogs_log_group                                                              create or delete log_group in CloudWatchLogs                                                                                            
amazon.aws.cloudwatchlogs_log_group_info                                                         Get information about log_group in CloudWatchLogs                                                                                       
amazon.aws.cloudwatchlogs_log_group_metric_filter                                                Manage CloudWatch log group metric filter                                                                                               
amazon.aws.ec2_ami                                                                               Create or destroy an image (AMI) in EC2                                                                                                 
amazon.aws.ec2_ami_info                                                                          Gather information about ec2 AMIs                                                                                                       
amazon.aws.ec2_eip                                                                               manages EC2 elastic IP (EIP) addresses                                                                                                  
amazon.aws.ec2_eip_info                                                                          List EC2 EIP details                                                                                                                    
amazon.aws.ec2_eni                                                                               Create and optionally attach an Elastic Network Interface (ENI) to an instance                                                          
amazon.aws.ec2_eni_info                                                                          Gather information about EC2 ENI interfaces in AWS                                                                                      
amazon.aws.ec2_import_image                                                                      Manage AWS EC2 import image tasks                                                                                                       
amazon.aws.ec2_import_image_info                                                                 Gather information about import virtual machine tasks                                                                                   
amazon.aws.ec2_instance                                                                          Create & manage EC2 instances                                                                                                           
amazon.aws.ec2_instance_info                                                                     Gather information about ec2 instances in AWS                                                                                           
amazon.aws.ec2_key                                                                               Create or delete an EC2 key pair                                                                                                        
amazon.aws.ec2_key_info                                                                          Gather information about EC2 key pairs in AWS                                                                                           
amazon.aws.ec2_metadata_facts                                                                    Gathers facts (instance metadata) about remote hosts within EC2                                                                         
amazon.aws.ec2_security_group                                                                    Maintain an EC2 security group                                                                                                          
amazon.aws.ec2_security_group_info                                                               Gather information about EC2 security groups in AWS                                                                                     
amazon.aws.ec2_snapshot                                                                          Creates a snapshot from an existing volume                                                                                              
amazon.aws.ec2_snapshot_info                                                                     Gathers information about EC2 volume snapshots in AWS                                                                                   
amazon.aws.ec2_spot_instance                                                                     Request, stop, reboot or cancel spot instance                                                                                           
amazon.aws.ec2_spot_instance_info                                                                Gather information about ec2 spot instance requests                                                                                     
amazon.aws.ec2_tag                                                                               Create and remove tags on ec2 resources                                                                                                 
amazon.aws.ec2_tag_info                                                                          List tags on ec2 resources                                                                                                              
amazon.aws.ec2_vol                                                                               Create and attach a volume, return volume ID and device map                                                                             
amazon.aws.ec2_vol_info                                                                          Gather information about EC2 volumes in AWS                                                                                             
amazon.aws.ec2_vpc_dhcp_option                                                                   Manages DHCP Options, and can ensure the DHCP options for the given VPC match what's requested                                          
amazon.aws.ec2_vpc_dhcp_option_info                                                              Gather information about DHCP options sets in AWS                                                                                       
amazon.aws.ec2_vpc_endpoint                                                                      Create and delete AWS VPC endpoints                                                                                                     
amazon.aws.ec2_vpc_endpoint_info                                                                 Retrieves AWS VPC endpoints details using AWS methods                                                                                   
amazon.aws.ec2_vpc_endpoint_service_info                                                         Retrieves AWS VPC endpoint service details                                                                                              
amazon.aws.ec2_vpc_igw                                                                           Manage an AWS VPC Internet gateway                                                                                                      
amazon.aws.ec2_vpc_igw_info                                                                      Gather information about internet gateways in AWS                                                                                       
amazon.aws.ec2_vpc_nat_gateway                                                                   Manage AWS VPC NAT Gateways                                                                                                             
amazon.aws.ec2_vpc_nat_gateway_info                                                              Retrieves AWS VPC Managed Nat Gateway details using AWS methods                                                                         
amazon.aws.ec2_vpc_net                                                                           Configure AWS Virtual Private Clouds                                                                                                    
amazon.aws.ec2_vpc_net_info                                                                      Gather information about ec2 VPCs in AWS                                                                                                
amazon.aws.ec2_vpc_route_table                                                                   Manage route tables for AWS Virtual Private Clouds                                                                                      
amazon.aws.ec2_vpc_route_table_info                                                              Gather information about ec2 VPC route tables in AWS                                                                                    
amazon.aws.ec2_vpc_subnet                                                                        Manage subnets in AWS virtual private clouds                                                                                            
amazon.aws.ec2_vpc_subnet_info                                                                   Gather information about ec2 VPC subnets in AWS                                                                                         
amazon.aws.elb_application_lb                                                                    Manage an Application Load Balancer                                                                                                     
amazon.aws.elb_application_lb_info                                                               Gather information about Application Load Balancers in AWS                                                                              
amazon.aws.elb_classic_lb                                                                        Creates, updates or destroys an Amazon ELB                                                                                              
amazon.aws.iam_access_key                                                                        Manage AWS IAM User access keys                                                                                                         
amazon.aws.iam_access_key_info                                                                   fetch information about AWS IAM User access keys                                                                                        
amazon.aws.iam_group                                                                             Manage AWS IAM groups                                                                                                                   
amazon.aws.iam_instance_profile                                                                  manage IAM instance profiles                                                                                                            
amazon.aws.iam_instance_profile_info                                                             gather information on IAM instance profiles                                                                                             
amazon.aws.iam_managed_policy                                                                    Manage User Managed IAM policies                                                                                                        
amazon.aws.iam_mfa_device_info                                                                   List the MFA (Multi-Factor Authentication) devices registered for a user                                                                
amazon.aws.iam_password_policy                                                                   Update an IAM Password Policy                                                                                                           
amazon.aws.iam_policy                                                                            Manage inline IAM policies for users, groups, and roles                                                                                 
amazon.aws.iam_policy_info                                                                       Retrieve inline IAM policies for users, groups, and roles                                                                               
amazon.aws.iam_role                                                                              Manage AWS IAM roles                                                                                                                    
amazon.aws.iam_role_info                                                                         Gather information on IAM roles                                                                                                         
amazon.aws.iam_user                                                                              Manage AWS IAM users                                                                                                                    
amazon.aws.iam_user_info                                                                         Gather IAM user(s) facts in AWS                                                                                                         
amazon.aws.kms_key                                                                               Perform various KMS key management tasks                                                                                                
amazon.aws.kms_key_info                                                                          Gather information about AWS KMS keys                                                                                                   
amazon.aws.lambda                                                                                Manage AWS Lambda functions                                                                                                             
amazon.aws.lambda_alias                                                                          Creates, updates or deletes AWS Lambda function aliases                                                                                 
amazon.aws.lambda_event                                                                          Creates, updates or deletes AWS Lambda function event mappings                                                                          
amazon.aws.lambda_execute                                                                        Execute an AWS Lambda function                                                                                                          
amazon.aws.lambda_info                                                                           Gathers AWS Lambda function details                                                                                                     
amazon.aws.autoscaling_group                                                                     Create or delete AWS AutoScaling Groups (ASGs)                                                                                          
amazon.aws.autoscaling_group_info                                                                Gather information about EC2 Auto Scaling Groups (ASGs) in AWS                                                                          
amazon.aws.aws_az_info                                                                           Gather information about availability zones in AWS                                                                                      
amazon.aws.aws_caller_info                                                                       Get information about the user and account being used to make AWS calls                                                                 
amazon.aws.aws_region_info                                                                       Gather information about AWS regions                                                                                                    
amazon.aws.backup_plan                                                                           Manage AWS Backup Plans                                                                                                                 
amazon.aws.backup_plan_info                                                                      Describe AWS Backup Plans                                                                                                               
amazon.aws.backup_restore_job_info                                                               List information about backup restore jobs                                                                                              
amazon.aws.backup_selection                                                                      Create, delete and modify AWS Backup selection                                                                                          
amazon.aws.backup_selection_info                                                                 Describe AWS Backup Selections                                                                                                          
amazon.aws.backup_tag                                                                            Manage tags on backup plan, backup vault, recovery point                                                                                
amazon.aws.backup_tag_info                                                                       List tags on AWS Backup resources                                                                                                       
amazon.aws.backup_vault                                                                          Manage AWS Backup Vaults                                                                                                                
amazon.aws.backup_vault_info                                                                     Describe AWS Backup Vaults                                                                                                              
amazon.aws.cloudformation                                                                        Create or delete an AWS CloudFormation stack                                                                                            
amazon.aws.cloudformation_info                                                                   Obtain information about an AWS CloudFormation stack                                                                                    
amazon.aws.cloudtrail                                                                            manage CloudTrail create, delete, update                                                                                                
amazon.aws.cloudtrail_info                                                                       Gather information about trails in AWS Cloud Trail                                                                                      
amazon.aws.cloudwatch_metric_alarm                                                               Create/update or delete AWS CloudWatch 'metric alarms'                                                                                  
amazon.aws.cloudwatch_metric_alarm_info                                                          Gather information about the alarms for the specified metric                                                                            
amazon.aws.cloudwatchevent_rule                                                                  Manage CloudWatch Event rules and targets                                                                                               
amazon.aws.cloudwatchlogs_log_group                                                              create or delete log_group in CloudWatchLogs                                                                                            
amazon.aws.cloudwatchlogs_log_group_info                                                         Get information about log_group in CloudWatchLogs                                                                                       
amazon.aws.cloudwatchlogs_log_group_metric_filter                                                Manage CloudWatch log group metric filter                                                                                               
amazon.aws.ec2_ami                                                                               Create or destroy an image (AMI) in EC2                                                                                                 
amazon.aws.ec2_ami_info                                                                          Gather information about ec2 AMIs                                                                                                       
amazon.aws.ec2_eip                                                                               manages EC2 elastic IP (EIP) addresses                                                                                                  
amazon.aws.ec2_eip_info                                                                          List EC2 EIP details                                                                                                                    
amazon.aws.ec2_eni                                                                               Create and optionally attach an Elastic Network Interface (ENI) to an instance                                                          
amazon.aws.ec2_eni_info                                                                          Gather information about EC2 ENI interfaces in AWS                                                                                      
amazon.aws.ec2_import_image                                                                      Manage AWS EC2 import image tasks                                                                                                       
amazon.aws.ec2_import_image_info                                                                 Gather information about import virtual machine tasks                                                                                   
amazon.aws.ec2_instance                                                                          Create & manage EC2 instances                                                                                                           
amazon.aws.ec2_instance_info                                                                     Gather information about ec2 instances in AWS                                                                                           
amazon.aws.ec2_key                                                                               Create or delete an EC2 key pair                                                                                                        
amazon.aws.ec2_key_info                                                                          Gather information about EC2 key pairs in AWS                                                                                           
amazon.aws.ec2_metadata_facts                                                                    Gathers facts (instance metadata) about remote hosts within EC2                                                                         
amazon.aws.ec2_security_group                                                                    Maintain an EC2 security group                                                                                                          
amazon.aws.ec2_security_group_info                                                               Gather information about EC2 security groups in AWS                                                                                     
amazon.aws.ec2_snapshot                                                                          Creates a snapshot from an existing volume                                                                                              
amazon.aws.ec2_snapshot_info                                                                     Gathers information about EC2 volume snapshots in AWS                                                                                   
amazon.aws.ec2_spot_instance                                                                     Request, stop, reboot or cancel spot instance                                                                                           
amazon.aws.ec2_spot_instance_info                                                                Gather information about ec2 spot instance requests                                                                                     
amazon.aws.ec2_tag                                                                               Create and remove tags on ec2 resources                                                                                                 
amazon.aws.ec2_tag_info                                                                          List tags on ec2 resources                                                                                                              
amazon.aws.ec2_vol                                                                               Create and attach a volume, return volume ID and device map                                                                             
amazon.aws.ec2_vol_info                                                                          Gather information about EC2 volumes in AWS                                                                                             
amazon.aws.ec2_vpc_dhcp_option                                                                   Manages DHCP Options, and can ensure the DHCP options for the given VPC match what's requested                                          
amazon.aws.ec2_vpc_dhcp_option_info                                                              Gather information about DHCP options sets in AWS                                                                                       
amazon.aws.ec2_vpc_endpoint                                                                      Create and delete AWS VPC endpoints                                                                                                     
amazon.aws.ec2_vpc_endpoint_info                                                                 Retrieves AWS VPC endpoints details using AWS methods                                                                                   
amazon.aws.ec2_vpc_endpoint_service_info                                                         Retrieves AWS VPC endpoint service details                                                                                              
amazon.aws.ec2_vpc_igw                                                                           Manage an AWS VPC Internet gateway                                                                                                      
amazon.aws.ec2_vpc_igw_info                                                                      Gather information about internet gateways in AWS                                                                                       
amazon.aws.ec2_vpc_nat_gateway                                                                   Manage AWS VPC NAT Gateways                                                                                                             
amazon.aws.ec2_vpc_nat_gateway_info                                                              Retrieves AWS VPC Managed Nat Gateway details using AWS methods                                                                         
amazon.aws.ec2_vpc_net                                                                           Configure AWS Virtual Private Clouds                                                                                                    
amazon.aws.ec2_vpc_net_info                                                                      Gather information about ec2 VPCs in AWS                                                                                                
amazon.aws.ec2_vpc_route_table                                                                   Manage route tables for AWS Virtual Private Clouds                                                                                      
amazon.aws.ec2_vpc_route_table_info                                                              Gather information about ec2 VPC route tables in AWS                                                                                    
amazon.aws.ec2_vpc_subnet                                                                        Manage subnets in AWS virtual private clouds                                                                                            
amazon.aws.ec2_vpc_subnet_info                                                                   Gather information about ec2 VPC subnets in AWS                                                                                         
amazon.aws.elb_application_lb                                                                    Manage an Application Load Balancer                                                                                                     
amazon.aws.elb_application_lb_info                                                               Gather information about Application Load Balancers in AWS                                                                              
amazon.aws.elb_classic_lb                                                                        Creates, updates or destroys an Amazon ELB                                                                                              
amazon.aws.iam_access_key                                                                        Manage AWS IAM User access keys                                                                                                         
amazon.aws.iam_access_key_info                                                                   fetch information about AWS IAM User access keys                                                                                        
amazon.aws.iam_group                                                                             Manage AWS IAM groups                                                                                                                   
amazon.aws.iam_instance_profile                                                                  manage IAM instance profiles                                                                                                            
amazon.aws.iam_instance_profile_info                                                             gather information on IAM instance profiles                                                                                             
amazon.aws.iam_managed_policy                                                                    Manage User Managed IAM policies                                                                                                        
amazon.aws.iam_mfa_device_info                                                                   List the MFA (Multi-Factor Authentication) devices registered for a user                                                                
amazon.aws.iam_password_policy                                                                   Update an IAM Password Policy                                                                                                           
amazon.aws.iam_policy                                                                            Manage inline IAM policies for users, groups, and roles                                                                                 
amazon.aws.iam_policy_info                                                                       Retrieve inline IAM policies for users, groups, and roles                                                                               
amazon.aws.iam_role                                                                              Manage AWS IAM roles                                                                                                                    
amazon.aws.iam_role_info                                                                         Gather information on IAM roles                                                                                                         
amazon.aws.iam_user                                                                              Manage AWS IAM users                                                                                                                    
amazon.aws.iam_user_info                                                                         Gather IAM user(s) facts in AWS                                                                                                         
amazon.aws.kms_key                                                                               Perform various KMS key management tasks                                                                                                
amazon.aws.kms_key_info                                                                          Gather information about AWS KMS keys                                                                                                   
amazon.aws.lambda                                                                                Manage AWS Lambda functions                                                                                                             
amazon.aws.lambda_alias                                                                          Creates, updates or deletes AWS Lambda function aliases                                                                                 
amazon.aws.lambda_event                                                                          Creates, updates or deletes AWS Lambda function event mappings                                                                          
amazon.aws.lambda_execute                                                                        Execute an AWS Lambda function                                                                                                          
amazon.aws.lambda_info                                                                           Gathers AWS Lambda function details                                                                                                     
amazon.aws.lambda_layer                                                                          Creates an AWS Lambda layer or deletes an AWS Lambda layer version                                                                      
amazon.aws.lambda_layer_info                                                                     List lambda layer or lambda layer versions                                                                                              
amazon.aws.lambda_policy                                                                         Creates, updates or deletes AWS Lambda policy statements                                                                                
amazon.aws.rds_cluster                                                                           rds_cluster module                                                                                                                      
amazon.aws.rds_cluster_info                                                                      Obtain information about one or more RDS clusters                                                                                       
amazon.aws.rds_cluster_snapshot                                                                  Manage Amazon RDS snapshots of DB clusters                                                                                              
amazon.aws.rds_global_cluster_info                                                               Obtain information about Aurora global database clusters                                                                                
amazon.aws.rds_instance                                                                          Manage RDS instances                                                                                                                    
amazon.aws.rds_instance_info                                                                     obtain information about one or more RDS instances                                                                                      
amazon.aws.rds_instance_snapshot                                                                 Manage Amazon RDS instance snapshots                                                                                                    
amazon.aws.rds_option_group                                                                      Manages the creation, modification, deletion of RDS option groups                                                                       
amazon.aws.rds_option_group_info                                                                 rds_option_group_info module                                                                                                            
amazon.aws.rds_param_group                                                                       manage RDS parameter groups                                                                                                             
amazon.aws.rds_snapshot_info                                                                     obtain information about one or more RDS snapshots                                                                                      
amazon.aws.rds_subnet_group                                                                      manage RDS database subnet groups                                                                                                       
amazon.aws.route53                                                                               add or delete entries in Amazons Route 53 DNS service                                                                                   
amazon.aws.route53_health_check                                                                  Manage health-checks in Amazons Route53 DNS service                                                                                     
amazon.aws.route53_info                                                                          Retrieves route53 details using AWS methods                                                                                             
amazon.aws.route53_zone                                                                          add or delete Route53 zones                                                                                                             
amazon.aws.s3_bucket                                                                             Manage S3 buckets in AWS, DigitalOcean, Ceph, Walrus, FakeS3 and StorageGRID                                                            
amazon.aws.s3_bucket_info                                                                        Lists S3 buckets in AWS                                                                                                                 
amazon.aws.s3_object                                                                             Manage objects in S3                                                                                                                    
amazon.aws.s3_object_info                                                                        Gather information about objects in S3                                                                                                  
amazon.aws.sts_assume_role                                                                       Assume a role using AWS Security Token Service and obtain temporary credentials                                                         
ansible.builtin.add_host                                                                         Add a host (and alternatively a group) to the ansible-playbook in-memory inventory                                                      
ansible.builtin.apt                                                                              Manages apt-packages                                                                                                                    
ansible.builtin.apt_key                                                                          Add or remove an apt key                                                                                                                
ansible.builtin.apt_repository                                                                   Add and remove APT repositories                                                                                                         
ansible.builtin.assemble                                                                         Assemble configuration files from fragments                                                                                             
ansible.builtin.assert                                                                           Asserts given expressions are true                                                                                                      
ansible.builtin.async_status                                                                     Obtain status of asynchronous task                                                                                                      
ansible.builtin.blockinfile                                                                      Insert/update/remove a text block surrounded by marker lines                                                                            
ansible.builtin.command                                                                          Execute commands on targets                                                                                                             
ansible.builtin.copy                                                                             Copy files to remote locations                                                                                                          
ansible.builtin.cron                                                                             Manage cron.d and crontab entries                                                                                                       
ansible.builtin.deb822_repository                                                                Add and remove deb822 formatted repositories                                                                                            
ansible.builtin.debconf                                                                          Configure a .deb package                                                                                                                
ansible.builtin.debug                                                                            Print statements during execution                                                                                                       
ansible.builtin.dnf                                                                              Manages packages with the `dnf' package manager                                                                                         
ansible.builtin.dnf5                                                                             Manages packages with the `dnf5' package manager                                                                                        
ansible.builtin.dpkg_selections                                                                  Dpkg package selection selections                                                                                                       
ansible.builtin.expect                                                                           Executes a command and responds to prompts                                                                                              
ansible.builtin.fail                                                                             Fail with custom message                                                                                                                
ansible.builtin.fetch                                                                            Fetch files from remote nodes                                                                                                           
ansible.builtin.file                                                                             Manage files and file properties                                                                                                        
ansible.builtin.find                                                                             Return a list of files based on specific criteria                                                                                       
ansible.builtin.gather_facts                                                                     Gathers facts about remote hosts                                                                                                        
ansible.builtin.get_url                                                                          Downloads files from HTTP, HTTPS, or FTP to node                                                                                        
ansible.builtin.getent                                                                           A wrapper to the unix getent utility                                                                                                    
ansible.builtin.git                                                                              Deploy software (or files) from git checkouts                                                                                           
ansible.builtin.group                                                                            Add or remove groups                                                                                                                    
ansible.builtin.group_by                                                                         Create Ansible groups based on facts                                                                                                    
ansible.builtin.hostname                                                                         Manage hostname                                                                                                                         
ansible.builtin.import_playbook                                                                  Import a playbook                                                                                                                       
ansible.builtin.import_role                                                                      Import a role into a play                                                                                                               
ansible.builtin.import_tasks                                                                     Import a task list                                                                                                                      
ansible.builtin.include_role                                                                     Load and execute a role                                                                                                                 
ansible.builtin.include_tasks                                                                    Dynamically include a task list                                                                                                         
ansible.builtin.include_vars                                                                     Load variables from files, dynamically within a task                                                                                    
ansible.builtin.iptables                                                                         Modify iptables rules                                                                                                                   
ansible.builtin.known_hosts                                                                      Add or remove a host from the `known_hosts' file                                                                                        
ansible.builtin.lineinfile                                                                       Manage lines in text files                                                                                                              
ansible.builtin.meta                                                                             Execute Ansible 'actions'                                                                                                               
ansible.builtin.package                                                                          Generic OS package manager                                                                                                              
ansible.builtin.package_facts                                                                    Package information as facts                                                                                                            
ansible.builtin.pause                                                                            Pause playbook execution                                                                                                                
ansible.builtin.ping                                                                             Try to connect to host, verify a usable python and return `pong' on success                                                             
ansible.builtin.pip                                                                              Manages Python library dependencies                                                                                                     
ansible.builtin.raw                                                                              Executes a low-down and dirty command                                                                                                   
ansible.builtin.reboot                                                                           Reboot a machine                                                                                                                        
ansible.builtin.replace                                                                          Replace all instances of a particular string in a file using a back-referenced regular expression                                       
ansible.builtin.rpm_key                                                                          Adds or removes a gpg key from the rpm db                                                                                               
ansible.builtin.script                                                                           Runs a local script on a remote node after transferring it                                                                              
ansible.builtin.service                                                                          Manage services                                                                                                                         
ansible.builtin.service_facts                                                                    Return service state information as fact data                                                                                           
ansible.builtin.set_fact                                                                         Set host variable(s) and fact(s)                                                                                                        
ansible.builtin.set_stats                                                                        Define and display stats for the current ansible run                                                                                    
ansible.builtin.setup                                                                            Gathers facts about remote hosts                                                                                                        
ansible.builtin.shell                                                                            Execute shell commands on targets                                                                                                       
ansible.builtin.slurp                                                                            Slurps a file from remote nodes                                                                                                         
ansible.builtin.stat                                                                             Retrieve file or file system status                                                                                                     
ansible.builtin.subversion                                                                       Deploys a subversion repository                                                                                                         
ansible.builtin.systemd                                                                          Manage systemd units                                                                                                                    
ansible.builtin.systemd_service                                                                  Manage systemd units                                                                                                                    
ansible.builtin.sysvinit                                                                         Manage SysV services                                                                                                                    
ansible.builtin.tempfile                                                                         Creates temporary files and directories                                                                                                 
ansible.builtin.template                                                                         Template a file out to a target host                                                                                                    
ansible.builtin.unarchive                                                                        Unpacks an archive after (optionally) copying it from the local machine                                                                 
ansible.builtin.uri                                                                              Interacts with webservices                                                                                                              
ansible.builtin.user                                                                             Manage user accounts                                                                                                                    
ansible.builtin.validate_argument_spec                                                           Validate role argument specs                                                                                                            
ansible.builtin.wait_for                                                                         Waits for a condition before continuing                                                                                                 
ansible.builtin.wait_for_connection                                                              Waits until remote system is reachable/usable                                                                                           
ansible.builtin.yum                                                                              Manages packages with the `yum' package manager                                                                                         
ansible.builtin.yum_repository                                                                   Add or remove YUM repositories                                                                                                          
ansible.netcommon.cli_backup                                                                     Back up device configuration from network devices over network_cli                                                                      
ansible.netcommon.cli_command                                                                    Run a cli command on cli-based network devices                                                                                          
ansible.netcommon.cli_config                                                                     Push text based configuration to network devices over network_cli                                                                       
ansible.netcommon.grpc_config                                                                    Fetch configuration/state data from gRPC enabled target hosts                                                                           
ansible.netcommon.grpc_get                                                                       Fetch configuration/state data from gRPC enabled target hosts                                                                           
ansible.netcommon.net_get                                                                        Copy a file from a network device to Ansible Controller                                                                                 
ansible.netcommon.net_ping                                                                       Tests reachability using ping from a network device                                                                                     
ansible.netcommon.net_put                                                                        Copy a file from Ansible Controller to a network device                                                                                 
ansible.netcommon.netconf_config                                                                 netconf device configuration                                                                                                            
ansible.netcommon.netconf_get                                                                    Fetch configuration/state data from NETCONF enabled network devices                                                                     
ansible.netcommon.netconf_rpc                                                                    Execute operations on NETCONF enabled network devices                                                                                   
ansible.netcommon.network_resource                                                               Manage resource modules                                                                                                                 
ansible.netcommon.restconf_config                                                                Handles create, update, read and delete of configuration data on RESTCONF enabled devices                                               
ansible.netcommon.restconf_get                                                                   Fetch configuration/state data from RESTCONF enabled devices                                                                            
[student@master ~]$ ansible-navigator
[student@master ~]$ ansible-navigator
[student@master ~]$ ansible-navigator
[student@master ~]$ cd ansible_examples/
[student@master ansible_examples]$ ansible-navigator
[student@master ansible_examples]$ ansible-navigator config view -m stdout
[defaults]
inventory=/home/student/ansible_examples/inventory
remote_user=student

[privilege_escalation]
become=True
become_method=sudo
become_user=root
become_ask_pass=False
[student@master ansible_examples]$ ansible-navigator inventory -m stdout
usage: ansible-inventory [-h] [--version] [-v] [-i INVENTORY] [-l SUBSET] [--vault-id VAULT_IDS] [--ask-vault-password | --vault-password-file VAULT_PASSWORD_FILES] [--playbook-dir BASEDIR] [-e EXTRA_VARS] [--list] [--host HOST]
                         [--graph] [-y] [--toml] [--vars] [--export] [--output OUTPUT_FILE]
                         [host|group]

Show Ansible inventory information, by default it uses the inventory script JSON format

positional arguments:
  host|group

options:
  --ask-vault-password, --ask-vault-pass
                        ask for vault password
  --export              When doing an --list, represent in a way that is optimized for export,not as an accurate representation of how Ansible has processed it
  --output OUTPUT_FILE  When doing --list, send the inventory to a file instead of to the screen
  --playbook-dir BASEDIR
                        Since this tool does not use playbooks, use this as a substitute playbook directory. This sets the relative path for many features including roles/ group_vars/ etc.
  --toml                Use TOML format instead of default JSON, ignored for --graph
  --vars                Add vars to graph display, ignored unless used with --graph
  --vault-id VAULT_IDS  the vault identity to use
  --vault-password-file VAULT_PASSWORD_FILES, --vault-pass-file VAULT_PASSWORD_FILES
                        vault password file
  --version             show program's version number, config file location, configured module search path, module location, executable location and exit
  -e EXTRA_VARS, --extra-vars EXTRA_VARS
                        set additional variables as key=value or YAML/JSON, if filename prepend with @
  -h, --help            show this help message and exit
  -i INVENTORY, --inventory INVENTORY, --inventory-file INVENTORY
                        specify inventory host path or comma separated host list. --inventory-file is deprecated
  -l SUBSET, --limit SUBSET
                        further limit selected hosts to an additional pattern
  -v, --verbose         Causes Ansible to print more debug messages. Adding multiple -v will increase the verbosity, the builtin plugins currently evaluate up to -vvvvvv. A reasonable level to start is -vvv, connection debugging might
                        require -vvvv.
  -y, --yaml            Use YAML format instead of default JSON, ignored for --graph

Actions:
  One of following must be used on invocation, ONLY ONE!

  --graph               create inventory graph, if supplying pattern it must be a valid group name. It will ignore limit
  --host HOST           Output specific host info, works as inventory script. It will ignore limit
  --list                Output all hosts info, works as inventory script
ERROR! No action selected, at least one of --host, --graph or --list needs to be specified.
Please review the log for errors.
[student@master ansible_examples]$ ansible-navigator -inventory -m stdout
ExitMessage(message="Subcommand 'welcome' does not support mode 'stdout'.", prefix=<ExitPrefix.ERROR: 'Error'>)
ExitMessage(message="Try again with '--mode interactive'", prefix=<ExitPrefix.HINT: 'Hint'>)
[student@master ansible_examples]$ ansible-navigator -inventory --graph -m stdout
ExitMessage(message="Subcommand 'welcome' does not support mode 'stdout'.", prefix=<ExitPrefix.ERROR: 'Error'>)
ExitMessage(message="Try again with '--mode interactive'", prefix=<ExitPrefix.HINT: 'Hint'>)
[student@master ansible_examples]$ ansible-navigator inventory --graph -m stdout
@all:
  |--@ungrouped:
  |  |--node3
  |--@centos:
  |  |--@europe:
  |  |  |--node1
  |  |--@asia:
  |  |  |--node2
[student@master ansible_examples]$ ls -l
total 520
-rw-r--r-- 1 student student    176 Feb  1 15:04 ansible.cfg
-rw-r--r-- 1 student student    171 Feb  1 14:14 ansible.cfg_hide
-rw-r--r-- 1 student student  39826 Feb  1 14:10 ansible.cfg_old
-rw-r--r-- 1 student student   6193 Feb  1 15:28 ansible-navigator.log
-rw-r--r-- 1 student student     97 Jan 31 15:00 inventory
-rw-r--r-- 1 student student   6656 Feb  1 13:38 playbook-artifact-2024-02-01T08:08:14.097950+00:00.json
-rw-r--r-- 1 student student   8010 Feb  1 14:09 playbook-artifact-2024-02-01T08:39:54.047222+00:00.json
-rw-r--r-- 1 student student  10889 Feb  1 14:14 playbook-artifact-2024-02-01T08:44:54.239652+00:00.json
-rw-r--r-- 1 student student  10888 Feb  1 14:39 playbook-artifact-2024-02-01T09:09:38.987805+00:00.json
-rw-r--r-- 1 student student 209403 Feb  1 15:08 playbook-artifact-2024-02-01T09:38:04.958089+00:00.json
-rw-r--r-- 1 student student 209320 Feb  1 15:20 playbook-artifact-2024-02-01T09:50:19.787400+00:00.json
-rw-r--r-- 1 student student    431 Feb  1 14:07 playbook.yaml
[student@master ansible_examples]$ more playbook-artifact-2024-02-01T09:50:19.787400+00:00.json
{
    "plays": [
        {
            "___progress": "66%",
            "__changed": 0,
            "__failed": 0,
            "__ignored": 0,
            "__in progress": 2,
            "__ok": 4,
            "__percent_complete": 66,
            "__play_name": "First ansible playbook",
            "__progress": "   ",
            "__skipped": 0,
            "__task_count": 6,
            "__unreachable": 0,
            "name": "First ansible playbook",
            "pattern": "centos",
            "play": "First ansible playbook",
            "play_pattern": "centos",
            "play_uuid": "fabc3d8e-303d-6049-c268-000000000004",
            "playbook": "/home/student/ansible_examples/playbook.yaml",
            "playbook_uuid": "e5547250-4a11-411e-b07c-7cc6f1623f67",
            "tasks": [
                {
                    "__changed": false,
                    "__duration": "2s",
                    "__host": "node1",
                    "__number": 0,
                    "__result": "Ok",
                    "__task": "Gathering Facts",
                    "__task_action": "gather_facts",
                    "duration": 2.436203,
                    "end": "2024-02-01T09:49:44.263232",
                    "event_loop": null,
                    "host": "node1",
                    "play": "First ansible playbook",
                    "play_pattern": "centos",
                    "play_uuid": "fabc3d8e-303d-6049-c268-000000000004",
                    "playbook": "/home/student/ansible_examples/playbook.yaml",
                    "playbook_uuid": "e5547250-4a11-411e-b07c-7cc6f1623f67",
                    "remote_addr": "node1",
                    "res": {
                        "_ansible_no_log": null,
                        "_ansible_verbose_override": true,
                        "ansible_facts": {
                            "ansible_all_ipv4_addresses": [
                                "172.25.230.112"
                            ],
                            "ansible_all_ipv6_addresses": [],
                            "ansible_apparmor": {
                                "status": "disabled"
                            },
                            "ansible_architecture": "x86_64",
                            "ansible_bios_date": "08/07/2020",
                            "ansible_bios_vendor": "VMware, Inc.",
                            "ansible_bios_version": "VMW71.00V.16707776.B64.2008070230",
                            "ansible_board_asset_tag": "NA",
                            "ansible_board_name": "440BX Desktop Reference Platform",
                            "ansible_board_serial": "None",
                            "ansible_board_vendor": "Intel Corporation",
                            "ansible_board_version": "None",
                            "ansible_chassis_asset_tag": "No Asset Tag",
                            "ansible_chassis_serial": "None",
                            "ansible_chassis_vendor": "No Enclosure",
                            "ansible_chassis_version": "N/A",
                            "ansible_cmdline": {
                                "BOOT_IMAGE": "(hd0,gpt2)/vmlinuz-5.14.0-350.el9.x86_64",
                                "quiet": true,
                                "rd.lvm.lv": "cs/swap",
                                "resume": "/dev/mapper/cs-swap",
                                "rhgb": true,
                                "ro": true,
                                "root": "/dev/mapper/cs-root"
                            },
                            "ansible_date_time": {
                                "date": "2024-02-01",
                                "day": "01",
                                "epoch": "1706780984",
                                "epoch_int": "1706780984",
                                "hour": "15",
                                "iso8601": "2024-02-01T09:49:44Z",
                                "iso8601_basic": "20240201T151944071880",
                                "iso8601_basic_short": "20240201T151944",
                                "iso8601_micro": "2024-02-01T09:49:44.071880Z",
                                "minute": "19",
                                "month": "02",
                                "second": "44",
                                "time": "15:19:44",
                                "tz": "IST",
                                "tz_dst": "IST",
                                "tz_offset": "+0530",
                                "weekday": "Thursday",
                                "weekday_number": "4",
                                "weeknumber": "05",
                                "year": "2024"
                            },
                            "ansible_default_ipv4": {
                                "address": "172.25.230.112",
                                "alias": "ens192",
                                "broadcast": "172.25.255.255",
                                "gateway": "172.25.250.254",
                                "interface": "ens192",
                                "macaddress": "00:50:56:a6:ae:c1",
                                "mtu": 1500,
                                "netmask": "255.255.0.0",
                                "network": "172.25.0.0",
                                "prefix": "16",
                                "type": "ether"
                            },
                            "ansible_default_ipv6": {},
                            "ansible_device_links": {
                                "ids": {
                                    "dm-0": [
                                        "dm-name-cs-root",
                                        "dm-uuid-LVM-uIgfeYfI0lofK4sQtefS7iiP0DI0eAt29FSQ8asaHji4gZ4ddmYjmJpLL9yAGIeb"
                                    ],
                                    "dm-1": [
                                        "dm-name-cs-swap",
                                        "dm-uuid-LVM-uIgfeYfI0lofK4sQtefS7iiP0DI0eAt2E2V3Z9yjWAodK7S4VLwSoKOkDRYLPISs"
                                    ],
                                    "dm-2": [
                                        "dm-name-cs-home",
                                        "dm-uuid-LVM-uIgfeYfI0lofK4sQtefS7iiP0DI0eAt2YVhlHTOtECTISd43KySDLLMjEF4tZFyN"
                                    ],
                                    "sda3": [
                                        "lvm-pv-uuid-ghTsg1-GnHz-lX0P-mCcZ-aath-M61G-O8sqGE"
                                    ],
                                    "sr0": [
                                        "ata-VMware_Virtual_SATA_CDRW_Drive_00000000000000000001"
                                    ]
                                },
                                "labels": {},
                                "masters": {
                                    "sda3": [
                                        "dm-0",
                                        "dm-1",
                                        "dm-2"
                                    ]
                                },
                                "uuids": {
                                    "dm-0": [
                                        "8f05836b-495c-49bd-93df-ac75b7627b45"
                                    ],
                                    "dm-1": [
                                        "de9f6e03-f521-4fae-9abf-7d325c381b6c"
                                    ],
                                    "dm-2": [
                                        "ca6b0703-9b39-4cb6-ad9f-f28bfa526314"
                                    ],
                                    "sda1": [
                                        "3E30-3E37"
                                    ],
                                    "sda2": [
                                        "5c10e48b-8047-446a-b2c3-f22483d1f4af"
                                    ]
                                }
                            },
                            "ansible_devices": {
                                "dm-0": {
                                    "holders": [],
                                    "host": "",
                                    "links": {
                                        "ids": [
                                            "dm-name-cs-root",
                                            "dm-uuid-LVM-uIgfeYfI0lofK4sQtefS7iiP0DI0eAt29FSQ8asaHji4gZ4ddmYjmJpLL9yAGIeb"
                                        ],
                                        "labels": [],
                                        "masters": [],
                                        "uuids": [
                                            "8f05836b-495c-49bd-93df-ac75b7627b45"
                                        ]
                                    },
                                    "model": null,
                                    "partitions": {},
                                    "removable": "0",
                                    "rotational": "0",
                                    "sas_address": null,
                                    "sas_device_handle": null,
                                    "scheduler_mode": "",
                                    "sectors": "127582208",
                                    "sectorsize": "512",
                                    "size": "60.84 GB",
                                    "support_discard": "1048576",
                                    "vendor": null,
                                    "virtual": 1
                                },
                                "dm-1": {
                                    "holders": [],
                                    "host": "",
                                    "links": {
                                        "ids": [
                                            "dm-name-cs-swap",
                                            "dm-uuid-LVM-uIgfeYfI0lofK4sQtefS7iiP0DI0eAt2E2V3Z9yjWAodK7S4VLwSoKOkDRYLPISs"
                                        ],
                                        "labels": [],
                                        "masters": [],
                                        "uuids": [
                                            "de9f6e03-f521-4fae-9abf-7d325c381b6c"
                                        ]
                                    },
                                    "model": null,
                                    "partitions": {},
                                    "removable": "0",
                                    "rotational": "0",
                                    "sas_address": null,
                                    "sas_device_handle": null,
                                    "scheduler_mode": "",
                                    "sectors": "16506880",
                                    "sectorsize": "512",
                                    "size": "7.87 GB",
                                    "support_discard": "1048576",
                                    "vendor": null,
                                    "virtual": 1
                                },
                                "dm-2": {
[student@master ansible_examples]$ ls -l
total 520
-rw-r--r-- 1 student student    176 Feb  1 15:04 ansible.cfg
-rw-r--r-- 1 student student    171 Feb  1 14:14 ansible.cfg_hide
-rw-r--r-- 1 student student  39826 Feb  1 14:10 ansible.cfg_old
-rw-r--r-- 1 student student   6193 Feb  1 15:28 ansible-navigator.log
-rw-r--r-- 1 student student     97 Jan 31 15:00 inventory
-rw-r--r-- 1 student student   6656 Feb  1 13:38 playbook-artifact-2024-02-01T08:08:14.097950+00:00.json
-rw-r--r-- 1 student student   8010 Feb  1 14:09 playbook-artifact-2024-02-01T08:39:54.047222+00:00.json
-rw-r--r-- 1 student student  10889 Feb  1 14:14 playbook-artifact-2024-02-01T08:44:54.239652+00:00.json
-rw-r--r-- 1 student student  10888 Feb  1 14:39 playbook-artifact-2024-02-01T09:09:38.987805+00:00.json
-rw-r--r-- 1 student student 209403 Feb  1 15:08 playbook-artifact-2024-02-01T09:38:04.958089+00:00.json
-rw-r--r-- 1 student student 209320 Feb  1 15:20 playbook-artifact-2024-02-01T09:50:19.787400+00:00.json
-rw-r--r-- 1 student student    431 Feb  1 14:07 playbook.yaml
[student@master ansible_examples]$ ansible-navigator replay playbook-artifact-2024-02-01T09:09:38.987805+00:00.json
[student@master ansible_examples]$ ansible-navigator replay playbook-artifact-2024-02-01T09:50:19.787400+00:00.json
[student@master ansible_examples]$ history
    1  su -
    2  sudo -i
    3  history
    4  su -
    5  sudp -i
    6  sudo -i
    7  ping node1
    8  cat /etc/hosts
    9  ansible-doc
   10  ansible-docs
   11  ansible-doc
   12  ansible-doc -l
   13  ansible-doc raw
   14  which date
   15  ansible-doc -l
   16  ansible-navigator
   17  cd ansible_examples/
   18  ansible-navigator
   19  ansible-navigator config view -m stdout
   20  ansible-navigator inventory -m stdout
   21  ansible-navigator -inventory -m stdout
   22  ansible-navigator -inventory --graph -m stdout
   23  ansible-navigator inventory --graph -m stdout
   24  ls -l
   25  more playbook-artifact-2024-02-01T09:50:19.787400+00:00.json
   26  ls -l
   27  ansible-navigator replay playbook-artifact-2024-02-01T09:09:38.987805+00:00.json
   28  ansible-navigator replay playbook-artifact-2024-02-01T09:50:19.787400+00:00.json
   29  history
[student@master ansible_examples]$ ansible-navigator settings --effictive -m stdout > navigator.yaml
[student@master ansible_examples]$ more navigator.yaml
---
- choices: []
  cli_parameters:
    long: --ansible-runner-artifact-dir
    short: --rad
  current_settings_file: None
  current_value: Not set
  default: true
  default_value: Not set
  description: The directory path to store artifacts generated by ansible-runner
  env_var: ANSIBLE_NAVIGATOR_ANSIBLE_RUNNER_ARTIFACT_DIR
  name: Ansible runner artifact dir
  settings_file_sample:
    ansible-navigator:
      ansible-runner:
        artifact-dir: <------
  source: Not set
  subcommands:
  - builder
  - collections
  - config
  - doc
  - exec
  - images
  - inventory
  - lint
  - replay
  - run
  - settings
  - welcome
  version_added: v1.0
- choices: []
  cli_parameters:
    long: --ansible-runner-rotate-artifacts-count
    short: --rac
  current_settings_file: None
  current_value: Not set
  default: true
  default_value: Not set
  description: Keep ansible-runner artifact directories, for last n runs, if set to
    0 artifact directories won't be deleted
  env_var: ANSIBLE_NAVIGATOR_ANSIBLE_RUNNER_ROTATE_ARTIFACTS_COUNT
  name: Ansible runner rotate artifacts count
  settings_file_sample:
    ansible-navigator:
      ansible-runner:
        rotate-artifacts-count: <------
  source: Not set
  subcommands:
  - builder
  - collections
  - config
  - doc
  - exec
  - images
  - inventory
  - lint
  - replay
  - run
  - settings
  - welcome
  version_added: v1.0
- choices: []
  cli_parameters:
    long: --ansible-runner-timeout
    short: --rt
  current_settings_file: None
  current_value: Not set
  default: true
  default_value: Not set
  description: The timeout value after which ansible-runner will forcefully stop the
    execution
  env_var: ANSIBLE_NAVIGATOR_ANSIBLE_RUNNER_TIMEOUT
  name: Ansible runner timeout
  settings_file_sample:
    ansible-navigator:
      ansible-runner:
        timeout: <------
  source: Not set
  subcommands:
  - builder
  - collections
  - config
  - doc
  - exec
  - images
  - inventory
  - lint
  - replay
  - run
  - settings
  - welcome
  version_added: v1.0
- choices:
  - true
  - false
  cli_parameters:
    long: --ansible-runner-write-job-events
    short: --rwje
  current_settings_file: None
  current_value: false
  default: true
  default_value: false
  description: Write ansible-runner job_events in the artifact directory
  env_var: ANSIBLE_NAVIGATOR_ANSIBLE_RUNNER_WRITE_JOB_EVENTS
  name: Ansible runner write job events
  settings_file_sample:
    ansible-navigator:
      ansible-runner:
        job-events: <------
  source: Defaults
  subcommands:
  - builder
  - collections
  - config
  - doc
  - exec
  - images
  - inventory
  - lint
  - replay
  - run
  - settings
  - welcome
  version_added: v2.3
- choices:
  - builder
  - collections
  - config
[student@master ansible_examples]$ more navigator.yaml
---
- choices: []
  cli_parameters:
    long: --ansible-runner-artifact-dir
    short: --rad
  current_settings_file: None
  current_value: Not set
  default: true
  default_value: Not set
  description: The directory path to store artifacts generated by ansible-runner
  env_var: ANSIBLE_NAVIGATOR_ANSIBLE_RUNNER_ARTIFACT_DIR
  name: Ansible runner artifact dir
  settings_file_sample:
    ansible-navigator:
      ansible-runner:
        artifact-dir: <------
  source: Not set
  subcommands:
  - builder
  - collections
  - config
  - doc
  - exec
  - images
  - inventory
  - lint
  - replay
  - run
  - settings
  - welcome
  version_added: v1.0
- choices: []
  cli_parameters:
    long: --ansible-runner-rotate-artifacts-count
    short: --rac
  current_settings_file: None
  current_value: Not set
  default: true
  default_value: Not set
  description: Keep ansible-runner artifact directories, for last n runs, if set to
    0 artifact directories won't be deleted
  env_var: ANSIBLE_NAVIGATOR_ANSIBLE_RUNNER_ROTATE_ARTIFACTS_COUNT
  name: Ansible runner rotate artifacts count
  settings_file_sample:
    ansible-navigator:
      ansible-runner:
        rotate-artifacts-count: <------
  source: Not set
  subcommands:
  - builder
  - collections
  - config
  - doc
  - exec
  - images
  - inventory
  - lint
  - replay
  - run
  - settings
  - welcome
  version_added: v1.0
- choices: []
  cli_parameters:
    long: --ansible-runner-timeout
    short: --rt
  current_settings_file: None
  current_value: Not set
  default: true
  default_value: Not set
  description: The timeout value after which ansible-runner will forcefully stop the
    execution
  env_var: ANSIBLE_NAVIGATOR_ANSIBLE_RUNNER_TIMEOUT
  name: Ansible runner timeout
  settings_file_sample:
    ansible-navigator:
      ansible-runner:
        timeout: <------
  source: Not set
  subcommands:
  - builder
  - collections
  - config
  - doc
  - exec
  - images
  - inventory
  - lint
  - replay
  - run
  - settings
  - welcome
  version_added: v1.0
- choices:
  - true
  - false
  cli_parameters:
    long: --ansible-runner-write-job-events
    short: --rwje
  current_settings_file: None
  current_value: false
  default: true
  default_value: false
  description: Write ansible-runner job_events in the artifact directory
  env_var: ANSIBLE_NAVIGATOR_ANSIBLE_RUNNER_WRITE_JOB_EVENTS
  name: Ansible runner write job events
  settings_file_sample:
    ansible-navigator:
      ansible-runner:
        job-events: <------
  source: Defaults
  subcommands:
  - builder
  - collections
  - config
  - doc
  - exec
  - images
  - inventory
  - lint
  - replay
  - run
  - settings
  - welcome
  version_added: v2.3
- choices:
  - builder
  - collections
  - config
  - doc
  - exec
  - images
  - inventory
  - lint
  - replay
  - run
  - settings
  - welcome
  cli_parameters:
    long: No long CLI parameter
    short: No short CLI parameter
  current_settings_file: None
  current_value: settings
  default: false
  default_value: welcome
  description: Subcommands
  env_var: ANSIBLE_NAVIGATOR_APP
  name: App
  settings_file_sample:
    ansible-navigator:
      app: <------
  source: Command line
  subcommands:
  - builder
  - collections
  - config
  - doc
  - exec
  - images
  - inventory
  - lint
  - replay
  - run
  - settings
  - welcome
  version_added: v1.0
- choices: []
  cli_parameters:
    long: No long CLI parameter
    short: No short CLI parameter
  current_settings_file: None
  current_value:
  - --effictive
  default: false
  default_value: Not set
  description: Extra parameters passed to the corresponding command
  env_var: ANSIBLE_NAVIGATOR_CMDLINE
  name: Cmdline
  settings_file_sample:
    ansible-navigator:
      ansible:
        cmdline: <------
  source: Command line
  subcommands:
  - builder
  - collections
  - config
  - doc
  - exec
  - images
  - inventory
  - lint
  - replay
  - run
  - settings
  - welcome
  version_added: v1.0
- choices: []
  cli_parameters:
    long: --collection-doc-cache-path
    short: --cdcp
  current_settings_file: None
  current_value: /home/student/.cache/ansible-navigator/collection_doc_cache.db
  default: true
  default_value: /home/student/.cache/ansible-navigator/collection_doc_cache.db
  description: The path to collection doc cache
  env_var: ANSIBLE_NAVIGATOR_COLLECTION_DOC_CACHE_PATH
  name: Collection doc cache path
  settings_file_sample:
    ansible-navigator:
      collection-doc-cache-path: <------
  source: Defaults
  subcommands:
  - builder
  - collections
  - config
  - doc
  - exec
  - images
  - inventory
  - lint
  - replay
  - run
  - settings
  - welcome
  version_added: v1.0
- choices: []
  cli_parameters:
    long: --config
    short: -c
  current_settings_file: None
  current_value: Not set
  default: true
  default_value: Not set
  description: Specify the path to the ansible configuration file
  env_var: ANSIBLE_CONFIG
  name: Config
  settings_file_sample:
    ansible-navigator:
      ansible:
        config:
          path: <------
  source: Not set
  subcommands:
  - config
  version_added: v1.0
- choices:
  - auto
  - podman
  - docker
  cli_parameters:
    long: --container-engine
    short: --ce
  current_settings_file: None
  current_value: podman
  default: false
  default_value: auto
  description: Specify the container engine (auto=podman then docker)
  env_var: ANSIBLE_NAVIGATOR_CONTAINER_ENGINE
  name: Container engine
  settings_file_sample:
    ansible-navigator:
      execution-environment:
        container-engine: <------
  source: Automatically determined
  subcommands:
  - builder
  - collections
  - config
  - doc
  - exec
  - images
  - inventory
  - lint
  - replay
  - run
  - settings
  - welcome
  version_added: v1.0
- choices: []
  cli_parameters:
    long: --container-options
    short: --co
  current_settings_file: None
  current_value: Not set
  default: true
  default_value: Not set
  description: Extra parameters passed to the container engine command
  env_var: ANSIBLE_NAVIGATOR_CONTAINER_OPTIONS
  name: Container options
  settings_file_sample:
    ansible-navigator:
      execution-environment:
        container-options: <------
  source: Not set
  subcommands:
  - builder
  - collections
  - config
  - doc
  - exec
  - images
  - inventory
  - lint
  - replay
  - run
  - settings
  - welcome
  version_added: v2.0
- choices: []
  cli_parameters:
    long: No long CLI parameter
    short: No short CLI parameter
  current_settings_file: None
  current_value: None
  default: true
  default_value: None
  description: The path to the current settings file. Possible locations are {CWD}/ansible-navigator.{ext}
    or {HOME}/.ansible-navigator.{ext} where ext is yml, yaml or json.
  env_var: ANSIBLE-NAVIGATOR_CONFIG
  name: Current settings file
  settings_file_sample: Not applicable
  source: None
  subcommands:
  - builder
  - collections
  - config
  - doc
  - exec
  - images
  - inventory
  - lint
  - replay
  - run
  - settings
  - welcome
  version_added: v1.0
- choices:
  - true
  - false
  cli_parameters:
    long: --display-color
    short: --dc
  current_settings_file: None
  current_value: true
  default: true
  default_value: true
  description: Enable the use of color for mode interactive and stdout
  env_var: NO_COLOR
  name: Display color
  settings_file_sample:
    ansible-navigator:
      color:
        enable: <------
  source: Defaults
  subcommands:
  - builder
  - collections
  - config
  - doc
  - exec
  - images
  - inventory
  - lint
  - replay
  - run
  - settings
  - welcome
  version_added: v1.0
- choices: []
  cli_parameters:
    long: --editor-command
    short: --ecmd
  current_settings_file: None
  current_value: vi +{line_number} {filename}
  default: true
  default_value: vi +{line_number} {filename}
  description: Specify the editor command
  env_var: ANSIBLE_NAVIGATOR_EDITOR_COMMAND
  name: Editor command
  settings_file_sample:
    ansible-navigator:
      editor:
        command: <------
  source: Defaults
  subcommands:
  - builder
  - collections
  - config
  - doc
  - exec
  - images
  - inventory
  - lint
  - replay
  - run
  - settings
  - welcome
  version_added: v1.0
- choices:
  - true
  - false
  cli_parameters:
    long: --editor-console
    short: --econ
  current_settings_file: None
  current_value: true
  default: true
  default_value: true
  description: Specify if the editor is console based
  env_var: ANSIBLE_NAVIGATOR_EDITOR_CONSOLE
  name: Editor console
  settings_file_sample:
    ansible-navigator:
      editor:
        console: <------
  source: Defaults
  subcommands:
  - builder
  - collections
  - config
  - doc
  - exec
  - images
  - inventory
  - lint
  - replay
  - run
  - settings
  - welcome
  version_added: v1.0
- choices:
  - true
  - false
  cli_parameters:
    long: --enable-prompts
    short: --ep
  current_settings_file: None
  current_value: false
  default: true
  default_value: false
  description: Enable prompts for password and in playbooks. This will set mode to
    stdout and disable playbook artifact creation
  env_var: ANSIBLE_NAVIGATOR_ENABLE_PROMPTS
  name: Enable prompts
  settings_file_sample:
    ansible-navigator:
      enable-prompts: <------
  source: Defaults
  subcommands:
  - run
  version_added: v2.3
- choices: []
  cli_parameters:
    long: --exec-command
    short: No short CLI parameter
  current_settings_file: None
  current_value: /bin/bash
  default: true
  default_value: /bin/bash
  description: Specify the command to run within the execution environment
  env_var: ANSIBLE_NAVIGATOR_EXEC_COMMAND
  name: Exec command
  settings_file_sample:
    ansible-navigator:
      exec:
        command: <------
  source: Defaults
  subcommands:
  - exec
  version_added: v2.0
- choices:
  - true
  - false
  cli_parameters:
    long: --exec-shell
    short: --exshell
  current_settings_file: None
  current_value: true
  default: true
  default_value: true
  description: Specify the exec command should be run in a shell
  env_var: ANSIBLE_NAVIGATOR_EXEC_SHELL
  name: Exec shell
  settings_file_sample:
    ansible-navigator:
      exec:
        shell: <------
  source: Defaults
  subcommands:
  - exec
  version_added: v2.0
- choices:
  - true
  - false
  cli_parameters:
    long: --execution-environment
    short: --ee
  current_settings_file: None
  current_value: true
  default: true
  default_value: true
  description: Enable or disable the use of an execution environment
  env_var: ANSIBLE_NAVIGATOR_EXECUTION_ENVIRONMENT
  name: Execution environment
  settings_file_sample:
    ansible-navigator:
      execution-environment:
        enabled: <------
  source: Defaults
  subcommands:
  - builder
  - collections
  - config
  - doc
  - exec
  - images
  - inventory
  - lint
  - replay
  - run
  - settings
  - welcome
  version_added: v1.0
- choices: []
  cli_parameters:
    long: --execution-environment-image
    short: --eei
  current_settings_file: None
  current_value: ghcr.io/ansible/creator-ee:v0.21.0
  default: true
  default_value: ghcr.io/ansible/creator-ee:v0.21.0
  description: Specify the name of the execution environment image
  env_var: ANSIBLE_NAVIGATOR_EXECUTION_ENVIRONMENT_IMAGE
  name: Execution environment image
  settings_file_sample:
    ansible-navigator:
      execution-environment:
        image: <------
  source: Defaults
  subcommands:
  - builder
  - collections
  - config
  - doc
  - exec
  - images
  - inventory
  - lint
  - replay
  - run
  - settings
  - welcome
  version_added: v1.0
- choices: []
  cli_parameters:
    long: --execution-environment-volume-mounts
    short: --eev
  current_settings_file: None
  current_value: Not set
  default: true
  default_value: Not set
  description: Specify volume to be bind mounted within an execution environment (--eev
    /home/user/test:/home/user/test:Z)
  env_var: ANSIBLE_NAVIGATOR_EXECUTION_ENVIRONMENT_VOLUME_MOUNTS
  name: Execution environment volume mounts
  settings_file_sample:
    ansible-navigator:
      execution-environment:
        volume-mounts: <------
  source: Not set
  subcommands:
  - builder
  - collections
  - config
  - doc
  - exec
  - images
  - inventory
  - lint
  - replay
  - run
  - settings
  - welcome
  version_added: v1.0
- choices:
  - json
  - yaml
  cli_parameters:
    long: --format
    short: --fmt
  current_settings_file: None
  current_value: yaml
  default: true
  default_value: yaml
  description: Specify the format for stdout output.
  env_var: ANSIBLE_NAVIGATOR_FORMAT
  name: Format
  settings_file_sample:
    ansible-navigator:
      format: <------
  source: Defaults
  subcommands:
  - collections
  - images
  version_added: v2.3
- choices:
  - true
  - false
  cli_parameters:
    long: --help-builder
    short: --hb
  current_settings_file: None
  current_value: false
  default: true
  default_value: false
  description: Help options for ansible-builder command in stdout mode
  env_var: ANSIBLE_NAVIGATOR_HELP_BUILDER
  name: Help builder
  settings_file_sample:
    ansible-navigator:
      ansible-builder:
        help: <------
  source: Defaults
  subcommands:
  - builder
  version_added: v2.0
- choices:
  - true
  - false
  cli_parameters:
    long: --help-config
    short: --hc
  current_settings_file: None
  current_value: false
  default: true
  default_value: false
  description: Help options for ansible-config command in stdout mode
  env_var: ANSIBLE_NAVIGATOR_HELP_CONFIG
  name: Help config
  settings_file_sample:
    ansible-navigator:
      ansible:
        config:
          help: <------
  source: Defaults
  subcommands:
  - config
  version_added: v1.0
- choices:
  - true
  - false
  cli_parameters:
    long: --help-doc
    short: --hd
  current_settings_file: None
  current_value: false
  default: true
  default_value: false
  description: Help options for ansible-doc command in stdout mode
  env_var: ANSIBLE_NAVIGATOR_HELP_DOC
  name: Help doc
  settings_file_sample:
    ansible-navigator:
      ansible:
        doc:
          help: <------
  source: Defaults
  subcommands:
  - doc
  version_added: v1.0
- choices:
  - true
  - false
  cli_parameters:
    long: --help-inventory
    short: --hi
  current_settings_file: None
  current_value: false
  default: true
  default_value: false
  description: Help options for ansible-inventory command in stdout mode
  env_var: ANSIBLE_NAVIGATOR_HELP_INVENTORY
  name: Help inventory
  settings_file_sample:
    ansible-navigator:
      ansible:
        inventory:
          help: <------
  source: Defaults
  subcommands:
  - inventory
  version_added: v1.0
- choices:
  - true
  - false
  cli_parameters:
    long: --help-playbook
    short: --hp
  current_settings_file: None
  current_value: false
  default: true
  default_value: false
  description: Help options for ansible-playbook command in stdout mode
  env_var: ANSIBLE_NAVIGATOR_HELP_PLAYBOOK
  name: Help playbook
  settings_file_sample:
    ansible-navigator:
      ansible:
        playbook:
          help: <------
  source: Defaults
  subcommands:
  - run
  version_added: v1.0
- choices:
  - ansible_collections
  - ansible_version
  - everything
  - os_release
  - python_packages
  - python_version
  - redhat_release
  - system_packages
  cli_parameters:
    long: --details
    short: -d
  current_settings_file: None
  current_value:
  - everything
  default: true
  default_value:
  - everything
  description: Provide detailed information about the selected execution environment
    image
  env_var: ANSIBLE_NAVIGATOR_IMAGES_DETAILS
  name: Images details
  settings_file_sample:
    ansible-navigator:
      images:
        details: <------
  source: Defaults
  subcommands:
  - images
  version_added: v2.0
- choices: []
  cli_parameters:
    long: --inventory
    short: -i
  current_settings_file: None
  current_value: Not set
  default: true
  default_value: Not set
  description: Specify an inventory file path or comma separated host list
  env_var: ANSIBLE_INVENTORY
  name: Inventory
  settings_file_sample:
    ansible-navigator:
      ansible:
        inventory:
          entries: <------
  source: Not set
  subcommands:
  - inventory
  - run
  version_added: v1.0
- choices: []
  cli_parameters:
    long: --inventory-column
    short: --ic
  current_settings_file: None
  current_value: Not set
  default: true
  default_value: Not set
  description: Specify a host attribute to show in the inventory view
  env_var: ANSIBLE_NAVIGATOR_INVENTORY_COLUMNS
  name: Inventory column
  settings_file_sample:
    ansible-navigator:
      inventory-columns: <------
  source: Not set
  subcommands:
  - inventory
  - run
  version_added: v1.0
- choices: []
  cli_parameters:
    long: --lint-config
    short: --lic
  current_settings_file: None
  current_value: Not set
  default: true
  default_value: Not set
  description: Specify the path to the ansible-lint configuration file
  env_var: ANSIBLE_LINT_CONFIG
  name: Lint config
  settings_file_sample:
    ansible-navigator:
      ansible-lint:
        config: <------
  source: Not set
  subcommands:
  - lint
  version_added: v2.0
- choices: []
  cli_parameters:
    long: --lintables
    short: No short CLI parameter
  current_settings_file: None
  current_value: Not set
  default: true
  default_value: Not set
  description: Path to files on which to run ansible-lint
  env_var: ANSIBLE_NAVIGATOR_LINTABLES
  name: Lintables
  settings_file_sample:
    ansible-navigator:
      ansible-lint:
        lintables: <------
  source: Not set
  subcommands:
  - lint
  version_added: v2.0
- choices:
  - true
  - false
  cli_parameters:
    long: --log-append
    short: --la
  current_settings_file: None
  current_value: true
  default: true
  default_value: true
  description: Specify if log messages should be appended to an existing log file,
    otherwise a new log file will be created per session
  env_var: ANSIBLE_NAVIGATOR_LOG_APPEND
  name: Log append
  settings_file_sample:
    ansible-navigator:
      logging:
        append: <------
  source: Defaults
  subcommands:
  - builder
  - collections
  - config
  - doc
  - exec
  - images
  - inventory
  - lint
  - replay
  - run
  - settings
  - welcome
  version_added: v1.0
- choices: []
  cli_parameters:
    long: --log-file
    short: --lf
  current_settings_file: None
  current_value: /home/student/ansible_examples/ansible-navigator.log
  default: true
  default_value: /home/student/ansible_examples/ansible-navigator.log
  description: Specify the full path for the ansible-navigator log file
  env_var: ANSIBLE_NAVIGATOR_LOG_FILE
  name: Log file
  settings_file_sample:
    ansible-navigator:
      logging:
        file: <------
  source: Defaults
  subcommands:
  - builder
  - collections
  - config
  - doc
  - exec
  - images
  - inventory
  - lint
  - replay
  - run
  - settings
  - welcome
  version_added: v1.0
- choices:
  - debug
  - info
  - warning
  - error
  - critical
  cli_parameters:
    long: --log-level
    short: --ll
  current_settings_file: None
  current_value: warning
  default: true
  default_value: warning
  description: Specify the ansible-navigator log level
  env_var: ANSIBLE_NAVIGATOR_LOG_LEVEL
  name: Log level
  settings_file_sample:
    ansible-navigator:
      logging:
        level: <------
  source: Defaults
  subcommands:
  - builder
  - collections
  - config
  - doc
  - exec
  - images
  - inventory
  - lint
  - replay
  - run
  - settings
  - welcome
  version_added: v1.0
- choices:
  - stdout
  - interactive
  cli_parameters:
    long: --mode
    short: -m
  current_settings_file: None
  current_value: stdout
  default: false
  default_value: interactive
  description: Specify the user-interface mode
  env_var: ANSIBLE_NAVIGATOR_MODE
  name: Mode
  settings_file_sample:
    ansible-navigator:
      mode: <------
  source: Command line
  subcommands:
  - builder
  - collections
  - config
  - doc
  - exec
  - images
  - inventory
  - lint
  - replay
  - run
  - settings
  - welcome
  version_added: v1.0
- choices:
  - true
  - false
  cli_parameters:
    long: --osc4
    short: --osc4
  current_settings_file: None
  current_value: true
  default: true
  default_value: true
  description: Enable or disable terminal color changing support with OSC 4
  env_var: ANSIBLE_NAVIGATOR_OSC4
  name: Osc4
  settings_file_sample:
    ansible-navigator:
      color:
        osc4: <------
  source: Defaults
  subcommands:
  - builder
  - collections
  - config
  - doc
  - exec
  - images
  - inventory
  - lint
  - replay
  - run
  - settings
  - welcome
  version_added: v1.0
- choices: []
  cli_parameters:
    long: --pass-environment-variable
    short: --penv
  current_settings_file: None
  current_value: Not set
  default: true
  default_value: Not set
  description: Specify an existing environment variable to be passed through to and
    set within the execution environment (--penv MY_VAR)
  env_var: ANSIBLE_NAVIGATOR_PASS_ENVIRONMENT_VARIABLES
  name: Pass environment variable
  settings_file_sample:
    ansible-navigator:
      execution-environment:
        environment-variables:
          pass: <------
  source: Not set
  subcommands:
  - builder
  - collections
  - config
  - doc
  - exec
  - images
  - inventory
  - lint
  - replay
  - run
  - settings
  - welcome
  version_added: v1.0
- choices: []
  cli_parameters:
    long: --playbook
    short: No short CLI parameter
  current_settings_file: None
  current_value: Not set
  default: true
  default_value: Not set
  description: Specify the playbook name
  env_var: ANSIBLE_NAVIGATOR_PLAYBOOK
  name: Playbook
  settings_file_sample:
    ansible-navigator:
      ansible:
        playbook:
          path: <------
  source: Not set
  subcommands:
  - run
  version_added: v1.0
- choices:
  - true
  - false
  cli_parameters:
    long: --playbook-artifact-enable
    short: --pae
  current_settings_file: None
  current_value: true
  default: true
  default_value: true
  description: 'Enable or disable the creation of artifacts for completed playbooks.
    Note: not compatible with ''--mode stdout'' when playbooks require user input'
  env_var: ANSIBLE_NAVIGATOR_PLAYBOOK_ARTIFACT_ENABLE
  name: Playbook artifact enable
  settings_file_sample:
    ansible-navigator:
      playbook-artifact:
        enable: <------
  source: Defaults
  subcommands:
  - run
  version_added: v1.0
- choices: []
  cli_parameters:
    long: --playbook-artifact-replay
    short: No short CLI parameter
  current_settings_file: None
  current_value: Not set
  default: true
  default_value: Not set
  description: Specify the path for the playbook artifact to replay
  env_var: ANSIBLE_NAVIGATOR_PLAYBOOK_ARTIFACT_REPLAY
  name: Playbook artifact replay
  settings_file_sample:
    ansible-navigator:
      playbook-artifact:
        replay: <------
  source: Not set
  subcommands:
  - replay
  version_added: v1.0
- choices: []
  cli_parameters:
    long: --playbook-artifact-save-as
    short: --pas
  current_settings_file: None
  current_value: '{playbook_dir}/{playbook_name}-artifact-{time_stamp}.json'
  default: true
  default_value: '{playbook_dir}/{playbook_name}-artifact-{time_stamp}.json'
  description: 'Specify the name for artifacts created from completed playbooks. The
    following placeholders are available: {playbook_dir}, {playbook_name}, {playbook_status},
    and {time_stamp}'
  env_var: ANSIBLE_NAVIGATOR_PLAYBOOK_ARTIFACT_SAVE_AS
  name: Playbook artifact save as
  settings_file_sample:
    ansible-navigator:
      playbook-artifact:
        save-as: <------
  source: Defaults
  subcommands:
  - run
  version_added: v1.0
- choices: []
  cli_parameters:
    long: --plugin-name
    short: No short CLI parameter
  current_settings_file: None
  current_value: Not set
  default: true
  default_value: Not set
  description: Specify the plugin name
  env_var: ANSIBLE_NAVIGATOR_PLUGIN_NAME
  name: Plugin name
  settings_file_sample:
    ansible-navigator:
      ansible:
        doc:
          plugin:
            name: <------
  source: Not set
  subcommands:
  - doc
  version_added: v1.0
- choices:
  - become
  - cache
  - callback
  - cliconf
  - connection
  - filter
  - httpapi
  - inventory
  - keyword
  - lookup
  - module
  - netconf
  - role
  - shell
  - strategy
  - test
  - vars
  cli_parameters:
    long: --type
    short: -t
  current_settings_file: None
  current_value: module
  default: true
  default_value: module
  description: Specify the plugin type, 'become', 'cache', 'callback', 'cliconf',
    'connection', 'filter', 'httpapi', 'inventory', 'keyword', 'lookup', 'module',
    'netconf', 'role', 'shell', 'strategy', 'test' or 'vars'
  env_var: ANSIBLE_NAVIGATOR_PLUGIN_TYPE
  name: Plugin type
  settings_file_sample:
    ansible-navigator:
      ansible:
        doc:
          plugin:
            type: <------
  source: Defaults
  subcommands:
  - doc
  version_added: v1.0
- choices: []
  cli_parameters:
    long: --pull-arguments
    short: --pa
  current_settings_file: None
  current_value: Not set
  default: true
  default_value: Not set
  description: Specify any additional parameters that should be added to the pull
    command when pulling an execution environment from a container registry. e.g.
    --pa='--tls-verify=false'
  env_var: ANSIBLE_NAVIGATOR_PULL_ARGUMENTS
  name: Pull arguments
  settings_file_sample:
    ansible-navigator:
      execution-environment:
        pull:
          arguments: <------
  source: Not set
  subcommands:
  - builder
  - collections
  - config
  - doc
  - exec
  - images
  - inventory
  - lint
  - replay
  - run
  - settings
  - welcome
  version_added: v2.0
- choices:
  - always
  - missing
  - never
  - tag
  cli_parameters:
    long: --pull-policy
    short: --pp
  current_settings_file: None
  current_value: tag
  default: true
  default_value: tag
  description: Specify the image pull policy always:Always pull the image, missing:Pull
    if not locally available, never:Never pull the image, tag:if the image tag is
    'latest', always pull the image, otherwise pull if not locally available
  env_var: ANSIBLE_NAVIGATOR_PULL_POLICY
  name: Pull policy
  settings_file_sample:
    ansible-navigator:
      execution-environment:
        pull:
          policy: <------
  source: Defaults
  subcommands:
  - builder
  - collections
  - config
  - doc
  - exec
  - images
  - inventory
  - lint
  - replay
  - run
  - settings
  - welcome
  version_added: v1.0
- choices: []
  cli_parameters:
    long: --set-environment-variable
    short: --senv
  current_settings_file: None
  current_value: Not set
  default: true
  default_value: Not set
  description: Specify an environment variable and a value to be set within the execution
    environment (--senv MY_VAR=42)
  env_var: ANSIBLE_NAVIGATOR_SET_ENVIRONMENT_VARIABLES
  name: Set environment variable
  settings_file_sample:
    ansible-navigator:
      execution-environment:
        environment-variables:
          set: <------
  source: Not set
  subcommands:
  - builder
  - collections
  - config
  - doc
  - exec
  - images
  - inventory
  - lint
  - replay
  - run
  - settings
  - welcome
  version_added: v1.0
- choices: []
  cli_parameters:
    long: --effective
    short: --se
  current_settings_file: None
  current_value: false
  default: true
  default_value: false
  description: Show the effective settings. Defaults, CLI parameters, environment
    variables, and the settings file will be combined
  env_var: ANSIBLE_NAVIGATOR_SETTINGS_EFFECTIVE
  name: Settings effective
  settings_file_sample:
    ansible-navigator:
      settings:
        effective: <------
  source: Defaults
  subcommands:
  - settings
  version_added: v2.0
- choices: []
  cli_parameters:
    long: --sample
    short: --gs
  current_settings_file: None
  current_value: false
  default: true
  default_value: false
  description: Generate a sample settings file
  env_var: ANSIBLE_NAVIGATOR_SETTINGS_SAMPLE
  name: Settings sample
  settings_file_sample:
    ansible-navigator:
      settings:
        sample: <------
  source: Defaults
  subcommands:
  - settings
  version_added: v2.0
- choices:
  - json
  cli_parameters:
    long: --schema
    short: --ss
  current_settings_file: None
  current_value: json
  default: true
  default_value: json
  description: Generate a schema for the settings file ('json'= draft-07 JSON Schema)
  env_var: ANSIBLE_NAVIGATOR_SETTINGS_SCHEMA
  name: Settings schema
  settings_file_sample:
    ansible-navigator:
      settings:
        schema: <------
  source: Defaults
  subcommands:
  - settings
  version_added: v2.0
- choices: []
  cli_parameters:
    long: --sources
    short: --so
  current_settings_file: None
  current_value: false
  default: true
  default_value: false
  description: Show the source of each current settings entry
  env_var: ANSIBLE_NAVIGATOR_SETTINGS_SOURCES
  name: Settings sources
  settings_file_sample:
    ansible-navigator:
      settings:
        sources: <------
  source: Defaults
  subcommands:
  - settings
  version_added: v2.0
- choices: []
  cli_parameters:
    long: --time-zone
    short: --tz
  current_settings_file: None
  current_value: UTC
  default: true
  default_value: UTC
  description: Specify the IANA time zone to use or 'local' to use the system time
    zone
  env_var: TZ
  name: Time zone
  settings_file_sample:
    ansible-navigator:
      time-zone: <------
  source: Defaults
  subcommands:
  - builder
  - collections
  - config
  - doc
  - exec
  - images
  - inventory
  - lint
  - replay
  - run
  - settings
  - welcome
  version_added: v2.0
- choices: []
  cli_parameters:
    long: --workdir
    short: --bwd
  current_settings_file: None
  current_value: /home/student/ansible_examples
  default: true
  default_value: /home/student/ansible_examples
  description: Specify the path that contains ansible-builder manifest files
  env_var: ANSIBLE_NAVIGATOR_WORKDIR
  name: Workdir
  settings_file_sample:
    ansible-navigator:
      ansible-builder:
        workdir: <------
  source: Defaults
  subcommands:
  - builder
  version_added: v2.0

[student@master ansible_examples]$ ansible-navigator settings --effictive -m stdout > navigator.yaml^C
[student@master ansible_examples]$ ansible-navigator settings --effective -m stdout > test.yml
[student@master ansible_examples]$ mv test.yml ansible-navigator.yml
[student@master ansible_examples]$ vi ansible-navigator.yml
[student@master ansible_examples]$ ssh node1
Last login: Fri Feb  2 15:15:08 2024 from 172.25.232.209
[student@node1 ~]$ ls -l
total 4
drwxr-xr-x. 2 student student  6 Aug 11 12:16 Desktop
drwxr-xr-x. 2 student student  6 Aug 11 12:16 Documents
drwxr-xr-x. 2 student student  6 Aug 11 12:16 Downloads
-rw-r--r--. 1 student student 63 Jan 31 13:15 ip_addresses.txt
drwxr-xr-x. 2 student student  6 Aug 11 12:16 Music
drwxr-xr-x. 2 student student  6 Aug 11 12:16 Pictures
drwxr-xr-x. 2 student student  6 Aug 11 12:16 Public
drwxr-xr-x. 2 student student  6 Aug 11 12:16 Templates
drwxr-xr-x. 2 root    root    23 Feb  2 15:15 testing
drwxr-xr-x. 2 student student  6 Aug 11 12:16 Videos
[student@node1 ~]$ find testing
testing
testing/node1.txt
[student@node1 ~]$ 
logout
Connection to node1 closed.
[student@master ansible_examples]$ ssh node2
Last login: Fri Feb  2 15:15:08 2024 from 172.25.232.209
[student@node2 ~]$ find testing 
testing
testing/nod2.txt
[student@node2 ~]$ 
logout
Connection to node2 closed.
[student@master ansible_examples]$ ansible-navigator doc -l -m stdout
[WARNING]: Collection redhatinsights.insights does not support Ansible version 2.15.4
ansible.builtin.add_host                                Add a host (and alternatively a group) to the ansible-playbook in-memory inventory                                                                                               
ansible.builtin.apt                                     Manages apt-packages                                                                                                                                                             
ansible.builtin.apt_key                                 Add or remove an apt key                                                                                                                                                         
ansible.builtin.apt_repository                          Add and remove APT repositories                                                                                                                                                  
ansible.builtin.assemble                                Assemble configuration files from fragments                                                                                                                                      
ansible.builtin.assert                                  Asserts given expressions are true                                                                                                                                               
ansible.builtin.async_status                            Obtain status of asynchronous task                                                                                                                                               
ansible.builtin.blockinfile                             Insert/update/remove a text block surrounded by marker lines                                                                                                                     
ansible.builtin.command                                 Execute commands on targets                                                                                                                                                      
ansible.builtin.copy                                    Copy files to remote locations                                                                                                                                                   
ansible.builtin.cron                                    Manage cron.d and crontab entries                                                                                                                                                
ansible.builtin.deb822_repository                       Add and remove deb822 formatted repositories                                                                                                                                     
ansible.builtin.debconf                                 Configure a .deb package                                                                                                                                                         
ansible.builtin.debug                                   Print statements during execution                                                                                                                                                
ansible.builtin.dnf                                     Manages packages with the `dnf' package manager                                                                                                                                  
ansible.builtin.dnf5                                    Manages packages with the `dnf5' package manager                                                                                                                                 
ansible.builtin.dpkg_selections                         Dpkg package selection selections                                                                                                                                                
ansible.builtin.expect                                  Executes a command and responds to prompts                                                                                                                                       
ansible.builtin.fail                                    Fail with custom message                                                                                                                                                         
ansible.builtin.fetch                                   Fetch files from remote nodes                                                                                                                                                    
ansible.builtin.file                                    Manage files and file properties                                                                                                                                                 
ansible.builtin.find                                    Return a list of files based on specific criteria                                                                                                                                
ansible.builtin.gather_facts                            Gathers facts about remote hosts                                                                                                                                                 
ansible.builtin.get_url                                 Downloads files from HTTP, HTTPS, or FTP to node                                                                                                                                 
ansible.builtin.getent                                  A wrapper to the unix getent utility                                                                                                                                             
ansible.builtin.git                                     Deploy software (or files) from git checkouts                                                                                                                                    
ansible.builtin.group                                   Add or remove groups                                                                                                                                                             
ansible.builtin.group_by                                Create Ansible groups based on facts                                                                                                                                             
ansible.builtin.hostname                                Manage hostname                                                                                                                                                                  
ansible.builtin.import_playbook                         Import a playbook                                                                                                                                                                
ansible.builtin.import_role                             Import a role into a play                                                                                                                                                        
ansible.builtin.import_tasks                            Import a task list                                                                                                                                                               
ansible.builtin.include_role                            Load and execute a role                                                                                                                                                          
ansible.builtin.include_tasks                           Dynamically include a task list                                                                                                                                                  
ansible.builtin.include_vars                            Load variables from files, dynamically within a task                                                                                                                             
ansible.builtin.iptables                                Modify iptables rules                                                                                                                                                            
ansible.builtin.known_hosts                             Add or remove a host from the `known_hosts' file                                                                                                                                 
ansible.builtin.lineinfile                              Manage lines in text files                                                                                                                                                       
ansible.builtin.meta                                    Execute Ansible 'actions'                                                                                                                                                        
ansible.builtin.package                                 Generic OS package manager                                                                                                                                                       
ansible.builtin.package_facts                           Package information as facts                                                                                                                                                     
ansible.builtin.pause                                   Pause playbook execution                                                                                                                                                         
ansible.builtin.ping                                    Try to connect to host, verify a usable python and return `pong' on success                                                                                                      
:












































ansible.builtin.add_host                                Add a host (and alternatively a group) to the ansible-playbook in-memory inventory                                                                                               
ansible.builtin.apt                                     Manages apt-packages                                                                                                                                                             
ansible.builtin.apt_key                                 Add or remove an apt key                                                                                                                                                         
ansible.builtin.apt_repository                          Add and remove APT repositories                                                                                                                                                  
ansible.builtin.assemble                                Assemble configuration files from fragments                                                                                                                                      
ansible.builtin.assert                                  Asserts given expressions are true                                                                                                                                               
ansible.builtin.async_status                            Obtain status of asynchronous task                                                                                                                                               
ansible.builtin.blockinfile                             Insert/update/remove a text block surrounded by marker lines                                                                                                                     
ansible.builtin.command                                 Execute commands on targets                                                                                                                                                      
ansible.builtin.copy                                    Copy files to remote locations                                                                                                                                                   
ansible.builtin.cron                                    Manage cron.d and crontab entries                                                                                                                                                
ansible.builtin.deb822_repository                       Add and remove deb822 formatted repositories                                                                                                                                     
ansible.builtin.debconf                                 Configure a .deb package                                                                                                                                                         
ansible.builtin.debug                                   Print statements during execution                                                                                                                                                
ansible.builtin.dnf                                     Manages packages with the `dnf' package manager                                                                                                                                  
ansible.builtin.dnf5                                    Manages packages with the `dnf5' package manager                                                                                                                                 
ansible.builtin.dpkg_selections                         Dpkg package selection selections                                                                                                                                                
ansible.builtin.expect                                  Executes a command and responds to prompts                                                                                                                                       
ansible.builtin.fail                                    Fail with custom message                                                                                                                                                         
ansible.builtin.fetch                                   Fetch files from remote nodes                                                                                                                                                    
ansible.builtin.file                                    Manage files and file properties                                                                                                                                                 
ansible.builtin.find                                    Return a list of files based on specific criteria                                                                                                                                
ansible.builtin.gather_facts                            Gathers facts about remote hosts                                                                                                                                                 
ansible.builtin.get_url                                 Downloads files from HTTP, HTTPS, or FTP to node                                                                                                                                 
ansible.builtin.getent                                  A wrapper to the unix getent utility                                                                                                                                             
ansible.builtin.git                                     Deploy software (or files) from git checkouts                                                                                                                                    
ansible.builtin.group                                   Add or remove groups                                                                                                                                                             
ansible.builtin.group_by                                Create Ansible groups based on facts                                                                                                                                             
ansible.builtin.hostname                                Manage hostname                                                                                                                                                                  
ansible.builtin.import_playbook                         Import a playbook                                                                                                                                                                
ansible.builtin.import_role                             Import a role into a play                                                                                                                                                        
ansible.builtin.import_tasks                            Import a task list                                                                                                                                                               
ansible.builtin.include_role                            Load and execute a role                                                                                                                                                          
ansible.builtin.include_tasks                           Dynamically include a task list                                                                                                                                                  
ansible.builtin.include_vars                            Load variables from files, dynamically within a task                                                                                                                             
ansible.builtin.iptables                                Modify iptables rules                                                                                                                                                            
ansible.builtin.known_hosts                             Add or remove a host from the `known_hosts' file                                                                                                                                 
ansible.builtin.lineinfile                              Manage lines in text files                                                                                                                                                       
ansible.builtin.meta                                    Execute Ansible 'actions'                                                                                                                                                        
ansible.builtin.package                                 Generic OS package manager                                                                                                                                                       
ansible.builtin.package_facts                           Package information as facts                                                                                                                                                     
ansible.builtin.pause                                   Pause playbook execution                                                                                                                                                         
ansible.builtin.ping                                    Try to connect to host, verify a usable python and return `pong' on success                                                                                                      
:[student@master ansible_examples]$ ansible-navigator doc ansible.builtin.file -m stdout
> ANSIBLE.BUILTIN.FILE    (/usr/local/lib/python3.11/site-packages/ansible/modules/file.py)

        Set attributes of files, directories, or symlinks and their targets. Alternatively, remove files, symlinks or directories. Many other modules support the same options as the `file'
        module - including [ansible.builtin.copy], [ansible.builtin.template], and [ansible.builtin.assemble]. For Windows targets, use the [ansible.windows.win_file] module instead.

ADDED IN: historical

OPTIONS (= is mandatory):

- access_time
        This parameter indicates the time the file's access time should be set to.
        Should be `preserve' when no modification is required, `YYYYMMDDHHMM.SS' when using default time format, or `now'.
        Default is `None' meaning that `preserve' is the default for `state=[file,directory,link,hard]' and `now' is default for `state=touch'.
        default: null
        type: str
        added in: version 2.7 of ansible-core


- access_time_format
        When used with `access_time', indicates the time format that must be used.
        Based on default Python format (see time.strftime doc).
        default: '%Y%m%d%H%M.%S'
        type: str
        added in: version 2.7 of ansible-core


- attributes
        The attributes the resulting filesystem object should have.
        To get supported flags look at the man page for `chattr' on the target system.
        This string should contain the attributes in the same order as the one displayed by `lsattr'.
        The `=' operator is assumed as default, otherwise `+' or `-' operators need to be included in the string.
        aliases: [attr]
        default: null
        type: str
        added in: version 2.3 of ansible-core


- follow
        This flag indicates that filesystem links, if they exist, should be followed.
        `follow=yes' and `state=link' can modify `src' when combined with parameters such as `mode'.
        Previous to Ansible 2.5, this was `false' by default.
        default: true
        type: bool
        added in: version 1.8 of ansible-core


- force
        Force the creation of the symlinks in two cases: the source file does not exist (but will appear later); the destination exists and is a file (so, we need to unlink the `path' file
        and create symlink to the `src' file in place of it).
        default: false
        type: bool

- group
        Name of the group that should own the filesystem object, as would be fed to `chown'.
        When left unspecified, it uses the current group of the current user unless you are root, in which case it can preserve the previous ownership.
        default: null
        type: str

- mode
        The permissions the resulting filesystem object should have.
        For those used to `/usr/bin/chmod' remember that modes are actually octal numbers. You must give Ansible enough information to parse them correctly. For consistent results, quote
        octal numbers (for example, `'644'' or `'1777'') so Ansible receives a string and can do its own conversion from string into number. Adding a leading zero (for example, `0755') works
        sometimes, but can fail in loops and some other circumstances.
        Giving Ansible a number without following either of these rules will end up with a decimal number which will have unexpected results.
        As of Ansible 1.8, the mode may be specified as a symbolic mode (for example, `u+rwx' or `u=rw,g=r,o=r').
        If `mode' is not specified and the destination filesystem object *does not* exist, the default `umask' on the system will be used when setting the mode for the newly created
        filesystem object.
        If `mode' is not specified and the destination filesystem object *does* exist, the mode of the existing filesystem object will be used.
        Specifying `mode' is the best way to ensure filesystem objects are created with the correct permissions. See CVE-2020-1736 for further details.
        default: null
        type: raw

- modification_time
        This parameter indicates the time the file's modification time should be set to.
        Should be `preserve' when no modification is required, `YYYYMMDDHHMM.SS' when using default time format, or `now'.
        Default is None meaning that `preserve' is the default for `state=[file,directory,link,hard]' and `now' is default for `state=touch'.
        default: null
        type: str
        added in: version 2.7 of ansible-core


- modification_time_format
        When used with `modification_time', indicates the time format that must be used.
        Based on default Python format (see time.strftime doc).
        default: '%Y%m%d%H%M.%S'
        type: str
...skipping...
EXAMPLES:

- name: Change file ownership, group and permissions
  ansible.builtin.file:
    path: /etc/foo.conf
    owner: foo
    group: foo
    mode: '0644'

- name: Give insecure permissions to an existing file
  ansible.builtin.file:
    path: /work
    owner: root
    group: root
    mode: '1777'

- name: Create a symbolic link
  ansible.builtin.file:
    src: /file/to/link/to
    dest: /path/to/symlink
    owner: foo
    group: foo
    state: link

- name: Create two hard links
  ansible.builtin.file:
    src: '/tmp/{{ item.src }}'
    dest: '{{ item.dest }}'
    state: hard
  loop:
    - { src: x, dest: y }
    - { src: z, dest: k }

- name: Touch a file, using symbolic modes to set the permissions (equivalent to 0644)
  ansible.builtin.file:
    path: /etc/foo.conf
    state: touch
    mode: u=rw,g=r,o=r

- name: Touch the same file, but add/remove some permissions
  ansible.builtin.file:
    path: /etc/foo.conf
    state: touch
    mode: u+rw,g-wx,o-rwx

[student@master ansible_examples]$ ssh node1
Last login: Fri Feb  2 15:30:27 2024 from 172.25.232.209
[student@node1 ~]$ find contos*
find: contos*: No such file or directory
[student@node1 ~]$ find centos*
centos_folder
centos_folder/node1.txt
[student@node1 ~]$ find centos* -ls
 50332067      0 drwxr-xr-x   2 student  student        23 Feb  2 15:30 centos_folder
 50332068      0 -rw-r--r--   1 student  student         0 Feb  2 15:30 centos_folder/node1.txt
[student@node1 ~]$ 
logout
Connection to node1 closed.
[student@master ansible_examples]$ ssh node2
Last login: Fri Feb  2 15:30:27 2024 from 172.25.232.209
[student@node2 ~]$ find centos* -ls
 50332066      0 drwxr-xr-x   2 student  student        23 Feb  2 15:30 centos_folder
 50332067      0 -rw-r--r--   1 student  student         0 Feb  2 15:30 centos_folder/node2.txt
[student@node2 ~]$ 
logout
Connection to node2 closed.
[student@master ansible_examples]$ ansible-navigator doc ansible.builtin.file -m stdout
> ANSIBLE.BUILTIN.FILE    (/usr/local/lib/python3.11/site-packages/ansible/modules/file.py)

        Set attributes of files, directories, or symlinks and their targets. Alternatively, remove files, symlinks or directories. Many other modules support the same options as the `file'
        module - including [ansible.builtin.copy], [ansible.builtin.template], and [ansible.builtin.assemble]. For Windows targets, use the [ansible.windows.win_file] module instead.

ADDED IN: historical

OPTIONS (= is mandatory):

- access_time
        This parameter indicates the time the file's access time should be set to.
        Should be `preserve' when no modification is required, `YYYYMMDDHHMM.SS' when using default time format, or `now'.
        Default is `None' meaning that `preserve' is the default for `state=[file,directory,link,hard]' and `now' is default for `state=touch'.
        default: null
        type: str
        added in: version 2.7 of ansible-core


- access_time_format
        When used with `access_time', indicates the time format that must be used.
        Based on default Python format (see time.strftime doc).
        default: '%Y%m%d%H%M.%S'
        type: str
        added in: version 2.7 of ansible-core


- attributes
        The attributes the resulting filesystem object should have.
        To get supported flags look at the man page for `chattr' on the target system.
        This string should contain the attributes in the same order as the one displayed by `lsattr'.
        The `=' operator is assumed as default, otherwise `+' or `-' operators need to be included in the string.
        aliases: [attr]
        default: null
        type: str
        added in: version 2.3 of ansible-core


- follow
        This flag indicates that filesystem links, if they exist, should be followed.
        `follow=yes' and `state=link' can modify `src' when combined with parameters such as `mode'.
        Previous to Ansible 2.5, this was `false' by default.
        default: true
        type: bool
...skipping...
EXAMPLES:

- name: Change file ownership, group and permissions
  ansible.builtin.file:
    path: /etc/foo.conf
    owner: foo
    group: foo
    mode: '0644'

- name: Give insecure permissions to an existing file
  ansible.builtin.file:
    path: /work
    owner: root
    group: root
    mode: '1777'

- name: Create a symbolic link
  ansible.builtin.file:
    src: /file/to/link/to
    dest: /path/to/symlink
    owner: foo
    group: foo
    state: link

- name: Create two hard links
  ansible.builtin.file:
    src: '/tmp/{{ item.src }}'
    dest: '{{ item.dest }}'
    state: hard
  loop:
    - { src: x, dest: y }
    - { src: z, dest: k }

- name: Touch a file, using symbolic modes to set the permissions (equivalent to 0644)
  ansible.builtin.file:
    path: /etc/foo.conf
    state: touch
    mode: u=rw,g=r,o=r

- name: Touch the same file, but add/remove some permissions
  ansible.builtin.file:
    path: /etc/foo.conf
    state: touch
...skipping...
- name: Remove file (delete file)
  ansible.builtin.file:
    path: /etc/foo.txt
    state: absent

- name: Recursively remove directory
  ansible.builtin.file:
    path: /etc/foo
    state: absent


RETURN VALUES:
- dest
        Destination file/path, equal to the value passed to `path'.
        returned: state=touch, state=hard, state=link
        sample: /path/to/file.txt
        type: str

- path
        Destination file/path, equal to the value passed to `path'.
        returned: state=absent, state=directory, state=file
        sample: /path/to/file.txt
        type: str
~
~
~
~
~
~
~
~
~
~
~
~
~
~
~
~
~
~
~
~
[student@master ansible_examples]$ ssh node1
Last login: Fri Feb  2 15:38:15 2024 from 172.25.232.209
[student@node1 ~]$ find . -type d
.
./.mozilla
./.mozilla/extensions
./.mozilla/plugins
./.local
./.local/share
./.local/share/keyrings
./.local/share/gnome-shell
./.local/share/evolution
./.local/share/evolution/addressbook
./.local/share/evolution/addressbook/trash
./.local/share/evolution/addressbook/system
./.local/share/evolution/addressbook/system/photos
./.local/share/evolution/calendar
./.local/share/evolution/calendar/trash
./.local/share/evolution/calendar/system
./.local/share/evolution/mail
./.local/share/evolution/mail/trash
./.local/share/evolution/memos
./.local/share/evolution/memos/trash
./.local/share/evolution/tasks
./.local/share/evolution/tasks/trash
./.local/share/evolution/tasks/system
./.local/share/gvfs-metadata
./.local/share/applications
./.local/share/sounds
./.local/share/flatpak
./.local/share/flatpak/db
./.local/share/flatpak/repo
./.local/share/flatpak/repo/tmp
./.local/share/flatpak/repo/tmp/cache
./.local/share/flatpak/repo/extensions
./.local/share/flatpak/repo/state
./.local/share/flatpak/repo/refs
./.local/share/flatpak/repo/refs/heads
./.local/share/flatpak/repo/refs/mirrors
./.local/share/flatpak/repo/refs/remotes
./.local/share/flatpak/repo/objects
./.local/share/pki
./.local/share/pki/nssdb
./.local/share/icc
./.local/share/gnome-settings-daemon
./.local/state
./.local/state/wireplumber
./Desktop
./Downloads
./Templates
./Public
./Documents
./Music
./Pictures
./Videos
./.config
./.config/ibus
./.config/ibus/bus
./.config/dconf
./.config/evolution
./.config/evolution/sources
./.config/goa-1.0
./.config/pulse
./.config/gtk-3.0
./.config/gnome-session
./.config/gnome-session/saved-session
./.cache
./.cache/mesa_shader_cache
./.cache/mesa_shader_cache/20
./.cache/mesa_shader_cache/14
./.cache/mesa_shader_cache/3b
./.cache/mesa_shader_cache/38
./.cache/mesa_shader_cache/cc
./.cache/mesa_shader_cache/fa
./.cache/mesa_shader_cache/aa
./.cache/mesa_shader_cache/bf
./.cache/mesa_shader_cache/a1
./.cache/mesa_shader_cache/e4
./.cache/mesa_shader_cache/c1
./.cache/mesa_shader_cache/43
./.cache/mesa_shader_cache/90
./.cache/mesa_shader_cache/b3
./.cache/mesa_shader_cache/24
./.cache/mesa_shader_cache/0f
./.cache/mesa_shader_cache/a3
./.cache/mesa_shader_cache/57
./.cache/mesa_shader_cache/6f
./.cache/mesa_shader_cache/e1
./.cache/mesa_shader_cache/9d
./.cache/mesa_shader_cache/ee
./.cache/mesa_shader_cache/2a
./.cache/mesa_shader_cache/4a
./.cache/mesa_shader_cache/5c
./.cache/mesa_shader_cache/19
./.cache/mesa_shader_cache/f3
./.cache/mesa_shader_cache/9c
./.cache/mesa_shader_cache/f6
./.cache/mesa_shader_cache/3a
./.cache/mesa_shader_cache/50
./.cache/mesa_shader_cache/46
./.cache/mesa_shader_cache/ab
./.cache/mesa_shader_cache/83
./.cache/mesa_shader_cache/47
./.cache/mesa_shader_cache/7c
./.cache/mesa_shader_cache/51
./.cache/mesa_shader_cache/b4
./.cache/mesa_shader_cache/8b
./.cache/mesa_shader_cache/6e
./.cache/mesa_shader_cache/21
./.cache/mesa_shader_cache/13
./.cache/mesa_shader_cache/b2
./.cache/mesa_shader_cache/3d
./.cache/mesa_shader_cache/1b
./.cache/mesa_shader_cache/e8
./.cache/mesa_shader_cache/df
./.cache/mesa_shader_cache/a0
./.cache/mesa_shader_cache/36
./.cache/mesa_shader_cache/88
./.cache/mesa_shader_cache/7a
./.cache/mesa_shader_cache/0a
./.cache/mesa_shader_cache/67
./.cache/mesa_shader_cache/61
./.cache/mesa_shader_cache/8f
./.cache/mesa_shader_cache/28
./.cache/mesa_shader_cache/ea
./.cache/mesa_shader_cache/29
./.cache/mesa_shader_cache/5e
./.cache/mesa_shader_cache/d3
./.cache/mesa_shader_cache/f9
./.cache/mesa_shader_cache/6d
./.cache/mesa_shader_cache/92
./.cache/mesa_shader_cache/34
./.cache/mesa_shader_cache/85
./.cache/mesa_shader_cache/10
./.cache/mesa_shader_cache/eb
./.cache/mesa_shader_cache/6a
./.cache/mesa_shader_cache/ce
./.cache/mesa_shader_cache/75
./.cache/mesa_shader_cache/d6
./.cache/mesa_shader_cache/7f
./.cache/mesa_shader_cache/89
./.cache/mesa_shader_cache/2c
./.cache/mesa_shader_cache/ef
./.cache/mesa_shader_cache/56
./.cache/mesa_shader_cache/5b
./.cache/mesa_shader_cache/bb
./.cache/mesa_shader_cache/8a
./.cache/mesa_shader_cache/8c
./.cache/mesa_shader_cache/98
./.cache/mesa_shader_cache/09
./.cache/mesa_shader_cache/e5
./.cache/mesa_shader_cache/ba
./.cache/mesa_shader_cache/8d
./.cache/mesa_shader_cache/06
./.cache/mesa_shader_cache/77
./.cache/mesa_shader_cache/31
./.cache/mesa_shader_cache/dc
./.cache/mesa_shader_cache/68
./.cache/mesa_shader_cache/12
./.cache/mesa_shader_cache/01
./.cache/mesa_shader_cache/bd
./.cache/mesa_shader_cache/9b
./.cache/mesa_shader_cache/f1
./.cache/mesa_shader_cache/32
./.cache/mesa_shader_cache/7d
./.cache/mesa_shader_cache/30
./.cache/mesa_shader_cache/0d
./.cache/mesa_shader_cache/b1
./.cache/mesa_shader_cache/94
./.cache/mesa_shader_cache/4e
./.cache/mesa_shader_cache/7e
./.cache/mesa_shader_cache/c5
./.cache/mesa_shader_cache/95
./.cache/mesa_shader_cache/1c
./.cache/mesa_shader_cache/a2
./.cache/mesa_shader_cache/ed
./.cache/mesa_shader_cache/b8
./.cache/mesa_shader_cache/4d
./.cache/mesa_shader_cache/c4
./.cache/mesa_shader_cache/84
./.cache/mesa_shader_cache/08
./.cache/mesa_shader_cache/e0
./.cache/mesa_shader_cache/f7
./.cache/mesa_shader_cache/d0
./.cache/mesa_shader_cache/69
./.cache/mesa_shader_cache/b0
./.cache/mesa_shader_cache/5f
./.cache/mesa_shader_cache/a5
./.cache/mesa_shader_cache/76
./.cache/mesa_shader_cache/b7
./.cache/mesa_shader_cache/a6
./.cache/mesa_shader_cache/97
./.cache/mesa_shader_cache/e7
./.cache/mesa_shader_cache/c9
./.cache/ibus
./.cache/evolution
./.cache/evolution/addressbook
./.cache/evolution/addressbook/trash
./.cache/evolution/calendar
./.cache/evolution/calendar/trash
./.cache/evolution/mail
./.cache/evolution/mail/trash
./.cache/evolution/memos
./.cache/evolution/memos/trash
./.cache/evolution/sources
./.cache/evolution/sources/trash
./.cache/evolution/tasks
./.cache/evolution/tasks/trash
./.cache/gstreamer-1.0
./.cache/gnome-software
./.cache/gnome-software/appstream
./.cache/gnome-software/flatpak-system-default
./.cache/gnome-software/flatpak-user-user
./.cache/gnome-software/odrs
./.cache/flatpak
./.cache/flatpak/system-cache
./.cache/appstream
./.cache/samba
./.ssh
./.ansible
./.ansible/tmp
./centos_folder
[student@node1 ~]$ ls -l
total 4
drwxr-xr-x. 2 student student 23 Feb  2 15:30 centos_folder
drwxr-xr-x. 2 student student  6 Aug 11 12:16 Desktop
drwxr-xr-x. 2 student student  6 Aug 11 12:16 Documents
drwxr-xr-x. 2 student student  6 Aug 11 12:16 Downloads
-rw-r--r--. 1 student student 63 Jan 31 13:15 ip_addresses.txt
drwxr-xr-x. 2 student student  6 Aug 11 12:16 Music
drwxr-xr-x. 2 student student  6 Aug 11 12:16 Pictures
drwxr-xr-x. 2 student student  6 Aug 11 12:16 Public
drwxr-xr-x. 2 student student  6 Aug 11 12:16 Templates
drwxr-xr-x. 2 student student  6 Aug 11 12:16 Videos
[student@node1 ~]$ 
logout
Connection to node1 closed.
[student@master ansible_examples]$ ssh node2
Last login: Fri Feb  2 15:38:15 2024 from 172.25.232.209
[student@node2 ~]$ ls -l
total 4
drwxr-xr-x. 2 student student 23 Feb  2 15:30 centos_folder
drwxr-xr-x. 2 student student  6 Aug 11 12:16 Desktop
drwxr-xr-x. 2 student student  6 Aug 11 12:16 Documents
drwxr-xr-x. 2 student student  6 Aug 11 12:16 Downloads
-rw-r--r--. 1 student student 63 Jan 31 13:16 ip_addresses.txt
drwxr-xr-x. 2 student student  6 Aug 11 12:16 Music
drwxr-xr-x. 2 student student  6 Aug 11 12:16 Pictures
drwxr-xr-x. 2 student student  6 Aug 11 12:16 Public
drwxr-xr-x. 2 student student  6 Aug 11 12:16 Templates
drwxr-xr-x. 2 student student  6 Aug 11 12:16 Videos
[student@node2 ~]$ 
logout
Connection to node2 closed.
[student@master ansible_examples]$ - name: Demonstrate ansible facts
  hosts: centos
  tasks:
    - name: Display all facts
      ansible.builtin.debug:
        var: ansible_facts
    - name: Display hostname
      ansible.builtin.debug:
        msg: "The distribution for {{ inventory_hostname }} is {{ ansible_facts['distribution'] }}"

^C
[student@master ansible_examples]$ ansible centos -m setup -a 'filter=ansible_python_version'
[WARNING]: No inventory was parsed, only implicit localhost is available
[WARNING]: provided hosts list is empty, only localhost is available. Note that the implicit localhost does not match 'all'
[WARNING]: Could not match supplied host pattern, ignoring: centos
[student@master ansible_examples]$ cd *facts
[student@master ansible_facts]$ ansible centos -m setup -a 'filter=ansible_python_version'
node1 | SUCCESS => {
    "ansible_facts": {
        "ansible_python_version": "3.9.17",
        "discovered_interpreter_python": "/usr/bin/python3"
    },
    "changed": false
}
node2 | SUCCESS => {
    "ansible_facts": {
        "ansible_python_version": "3.9.17",
        "discovered_interpreter_python": "/usr/bin/python3"
    },
    "changed": false
}
[student@master ansible_facts]$ 

