[student@master ansible_examples]$ cd ..
[student@master ~]$ cat /etc/os-release
NAME="CentOS Stream"
VERSION="9"
ID="centos"
ID_LIKE="rhel fedora"
VERSION_ID="9"
PLATFORM_ID="platform:el9"
PRETTY_NAME="CentOS Stream 9"
ANSI_COLOR="0;31"
LOGO="fedora-logo-icon"
CPE_NAME="cpe:/o:centos:centos:9"
HOME_URL="https://centos.org/"
BUG_REPORT_URL="https://bugzilla.redhat.com/"
REDHAT_SUPPORT_PRODUCT="Red Hat Enterprise Linux 9"
REDHAT_SUPPORT_PRODUCT_VERSION="CentOS Stream"
[student@master ~]$ hostnamectl
 Static hostname: master
       Icon name: computer-vm
         Chassis: vm 🖴
      Machine ID: 550e6b0bf29048668f8cdb74687c8515
         Boot ID: 2db2e187e18c450fad0a57ff740d7dba
  Virtualization: vmware
Operating System: CentOS Stream 9                  
     CPE OS Name: cpe:/o:centos:centos:9
          Kernel: Linux 5.14.0-350.el9.x86_64
    Architecture: x86-64
 Hardware Vendor: VMware, Inc.
  Hardware Model: VMware7,1
Firmware Version: VMW71.00V.16707776.B64.2008070230
[student@master ~]$ git
usage: git [-v | --version] [-h | --help] [-C <path>] [-c <name>=<value>]
           [--exec-path[=<path>]] [--html-path] [--man-path] [--info-path]
           [-p | --paginate | -P | --no-pager] [--no-replace-objects] [--bare]
           [--git-dir=<path>] [--work-tree=<path>] [--namespace=<name>]
           [--config-env=<name>=<envvar>] <command> [<args>]

These are common Git commands used in various situations:

start a working area (see also: git help tutorial)
   clone     Clone a repository into a new directory
   init      Create an empty Git repository or reinitialize an existing one

work on the current change (see also: git help everyday)
   add       Add file contents to the index
   mv        Move or rename a file, a directory, or a symlink
   restore   Restore working tree files
   rm        Remove files from the working tree and from the index

examine the history and state (see also: git help revisions)
   bisect    Use binary search to find the commit that introduced a bug
   diff      Show changes between commits, commit and working tree, etc
   grep      Print lines matching a pattern
   log       Show commit logs
   show      Show various types of objects
   status    Show the working tree status

grow, mark and tweak your common history
   branch    List, create, or delete branches
   commit    Record changes to the repository
   merge     Join two or more development histories together
   rebase    Reapply commits on top of another base tip
   reset     Reset current HEAD to the specified state
   switch    Switch branches
   tag       Create, list, delete or verify a tag object signed with GPG

collaborate (see also: git help workflows)
   fetch     Download objects and refs from another repository
   pull      Fetch from and integrate with another repository or a local branch
   push      Update remote refs along with associated objects

'git help -a' and 'git help -g' list available subcommands and some
concept guides. See 'git help <command>' or 'git help <concept>'
to read about a specific subcommand or concept.
See 'git help git' for an overview of the system.
[student@master ~]$ github
bash: github: command not found...
[student@master ~]$ git init
hint: Using 'master' as the name for the initial branch. This default branch name
hint: is subject to change. To configure the initial branch name to use in all
hint: of your new repositories, which will suppress this warning, call:
hint: 
hint: 	git config --global init.defaultBranch <name>
hint: 
hint: Names commonly chosen instead of 'master' are 'main', 'trunk' and
hint: 'development'. The just-created branch can be renamed via this command:
hint: 
hint: 	git branch -m <name>
Initialized empty Git repository in /home/student/.git/
[student@master ~]$ which git
/usr/bin/git
[student@master ~]$ git --version
git version 2.43.0
[student@master ~]$  git status
On branch master

No commits yet

Untracked files:
  (use "git add <file>..." to include in what will be committed)
	.bash_history
	.bash_logout
	.bash_profile
	.bashrc
	.cache/
	.config/
	.dotnet/
	.lesshst
	.local/
	.mozilla/
	.npm/
	.pki/
	.profile
	.ssh/
	.vim/
	.viminfo
	.vimrc
	.vscode/
	ansible-navigator.log
	ansible_examples/
	ip_addresses.txt
	playbook-artifact-2024-02-01T09:49:00.022295+00:00.json
	playbook.yaml
	student@172.25.230.112

nothing added to commit but untracked files present (use "git add" to track)
[student@master ~]$ rm -r .git
[student@master ~]$  git status
fatal: not a git repository (or any parent up to mount point /)
Stopping at filesystem boundary (GIT_DISCOVERY_ACROSS_FILESYSTEM not set).
[student@master ~]$ more playbook.yaml
---
- hosts: centos
  tasks:
    - ansible.builtin.ping:
[student@master ~]$ more ansible-examples/playbook.yaml
more: cannot open ansible-examples/playbook.yaml: No such file or directory
[student@master ~]$ ls -l ansible-examples
ls: cannot access 'ansible-examples': No such file or directory
[student@master ~]$ ls -l ansible_examples
total 188
drwxr-xr-x 2 student student    63 Feb  2 14:51 ansible_basic
-rw-r--r-- 1 student student   171 Feb  1 14:14 ansible.cfg_hide
-rw-r--r-- 1 student student 39826 Feb  1 14:10 ansible.cfg_old
drwxr-xr-x 2 student student   155 Feb  2 19:02 ansible_facts
drwxr-xr-x 4 student student  4096 Feb  2 15:38 ansible_inventory_variables
-rw-r--r-- 1 student student 79968 Feb  2 15:35 ansible-navigator.log
-rw-r--r-- 1 student student  1161 Feb  2 15:05 ansible-navigator.yml
drwxr-xr-x 2 student student  4096 Feb  2 13:48 ansible_variables
drwxr-xr-x 3 student student  4096 Feb  2 14:33 ansible_variables_from_file
-rw-r--r-- 1 student student 40173 Feb  1 15:35 temp.cfg
-rw-r--r-- 1 student student  4557 Feb  1 15:38 temp_navigator.cfg
[student@master ~]$ more ansible_examples/playbook.yaml
more: cannot open ansible_examples/playbook.yaml: No such file or directory
[student@master ~]$ mv playbook.yaml ansible_examples
[student@master ~]$ more ansible_examples/playbook.yaml
---
- hosts: centos
  tasks:
    - ansible.builtin.ping:
[student@master ~]$ ls -l
total 24
drwxr-xr-x  8 student student 4096 Feb  2 19:44 ansible_examples
-rw-r--r--  1 student student 1352 Feb  1 15:18 ansible-navigator.log
drwxr-xr-x. 2 student student    6 Aug 11 12:16 Desktop
drwxr-xr-x. 2 student student    6 Aug 11 12:16 Documents
drwxr-xr-x. 2 student student    6 Aug 11 12:16 Downloads
-rw-r--r--  1 student student   63 Jan 31 13:09 ip_addresses.txt
drwxr-xr-x. 2 student student    6 Aug 11 12:16 Music
drwxr-xr-x. 2 student student    6 Aug 11 12:16 Pictures
-rw-r--r--  1 student student 7186 Feb  1 15:19 playbook-artifact-2024-02-01T09:49:00.022295+00:00.json
drwxr-xr-x. 2 student student    6 Aug 11 12:16 Public
-rw-r--r--  1 student student   63 Jan 31 13:13 student@172.25.230.112
drwxr-xr-x. 2 student student    6 Aug 11 12:16 Templates
drwxr-xr-x. 2 student student    6 Aug 11 12:16 Videos
[student@master ~]$ more ansible-navigator.log
2024-02-01T09:48:59.502801+00:00 CRITICAL 'ansible_navigator.actions.run_9f78._handle_message' Unhandled message from runner queue, discarded: {'event': 'verbose', 'uuid': 'c183a48a-0ee7-43cc-8694-95313dd4c17e', 'counter': 1, 'stdout': '\
x1b[1;35m[WARNING]: No inventory was parsed, only implicit localhost is available\x1b[0m', 'start_line': 0, 'end_line': 1, 'runner_ident': '2bc74a0e-ca08-452f-bcde-da0d457ba6f2', 'created': '2024-02-01T09:48:59.502402'}
2024-02-01T09:48:59.607946+00:00 CRITICAL 'ansible_navigator.actions.run_9f78._handle_message' Unhandled message from runner queue, discarded: {'event': 'verbose', 'uuid': '609f74bc-c435-4cf1-ac16-f0f81472af52', 'counter': 2, 'stdout': '\
x1b[1;35m[WARNING]: provided hosts list is empty, only localhost is available. Note that\x1b[0m', 'start_line': 1, 'end_line': 2, 'runner_ident': '2bc74a0e-ca08-452f-bcde-da0d457ba6f2', 'created': '2024-02-01T09:48:59.504533'}
2024-02-01T09:48:59.608282+00:00 CRITICAL 'ansible_navigator.actions.run_9f78._handle_message' Unhandled message from runner queue, discarded: {'event': 'verbose', 'uuid': '7bc5238b-2b4f-4b02-b32c-17aeb36be9e9', 'counter': 3, 'stdout': "\
x1b[1;35mthe implicit localhost does not match 'all'\x1b[0m", 'start_line': 2, 'end_line': 3, 'runner_ident': '2bc74a0e-ca08-452f-bcde-da0d457ba6f2', 'created': '2024-02-01T09:48:59.504694'}
[student@master ~]$ ls -l videos
ls: cannot access 'videos': No such file or directory
[student@master ~]$ ls -l Videos
total 0
[student@master ~]$ more student@172.25.230.112
172.25.232.209 master
172.25.230.112 node1
172.25.230.61 node2
[student@master ~]$ cd ansible_examples
[student@master ansible_examples]$ git config
usage: git config [<options>]

Config file location
    --[no-]global         use global config file
    --[no-]system         use system config file
    --[no-]local          use repository config file
    --[no-]worktree       use per-worktree config file
    -f, --[no-]file <file>
                          use given config file
    --[no-]blob <blob-id> read config from given blob object

Action
    --[no-]get            get value: name [value-pattern]
    --[no-]get-all        get all values: key [value-pattern]
    --[no-]get-regexp     get values for regexp: name-regex [value-pattern]
    --[no-]get-urlmatch   get value specific for the URL: section[.var] URL
    --[no-]replace-all    replace all matching variables: name value [value-pattern]
    --[no-]add            add a new variable: name value
    --[no-]unset          remove a variable: name [value-pattern]
    --[no-]unset-all      remove all matches: name [value-pattern]
    --[no-]rename-section rename section: old-name new-name
    --[no-]remove-section remove a section: name
    -l, --[no-]list       list all
    --[no-]fixed-value    use string equality when comparing values to 'value-pattern'
    -e, --[no-]edit       open an editor
    --[no-]get-color      find the color configured: slot [default]
    --[no-]get-colorbool  find the color setting: slot [stdout-is-tty]

Type
    -t, --[no-]type <type>
                          value is given this type
    --bool                value is "true" or "false"
    --int                 value is decimal number
    --bool-or-int         value is --bool or --int
    --bool-or-str         value is --bool or string
    --path                value is a path (file or directory name)
    --expiry-date         value is an expiry date

Other
    -z, --[no-]null       terminate values with NUL byte
    --[no-]name-only      show variable names only
    --[no-]includes       respect include directives on lookup
    --[no-]show-origin    show origin of config (file, standard input, blob, command line)
    --[no-]show-scope     show scope of config (worktree, local, global, system, command)
    --[no-]default <value>
                          with --get, use default value when missing entry

[student@master ansible_examples]$ git config --global user.name "Lars"
[student@master ansible_examples]$ git config --global user.email "Lars@example.com"
[student@master ansible_examples]$ git init
hint: Using 'master' as the name for the initial branch. This default branch name
hint: is subject to change. To configure the initial branch name to use in all
hint: of your new repositories, which will suppress this warning, call:
hint: 
hint: 	git config --global init.defaultBranch <name>
hint: 
hint: Names commonly chosen instead of 'master' are 'main', 'trunk' and
hint: 'development'. The just-created branch can be renamed via this command:
hint: 
hint: 	git branch -m <name>
Initialized empty Git repository in /home/student/ansible_examples/.git/
[student@master ansible_examples]$  git status
On branch master

No commits yet

Untracked files:
  (use "git add <file>..." to include in what will be committed)
	.vscode/
	ansible-navigator.log
	ansible-navigator.yml
	ansible.cfg_hide
	ansible.cfg_old
	ansible_basic/
	ansible_facts/
	ansible_inventory_variables/
	ansible_variables/
	ansible_variables_from_file/
	playbook.yaml
	temp.cfg
	temp_navigator.cfg

nothing added to commit but untracked files present (use "git add" to track)
[student@master ansible_examples]$ git add .
[student@master ansible_examples]$  git status
On branch master

No commits yet

Changes to be committed:
  (use "git rm --cached <file>..." to unstage)
	new file:   .vscode/settings.json
	new file:   ansible-navigator.log
	new file:   ansible-navigator.yml
	new file:   ansible.cfg_hide
	new file:   ansible.cfg_old
	new file:   ansible_basic/ansible.cfg
	new file:   ansible_basic/inventory
	new file:   ansible_basic/playbook.yaml
	new file:   ansible_facts/ansible-navigator.log
	new file:   ansible_facts/ansible.cfg
	new file:   ansible_facts/inventory
	new file:   ansible_facts/playbook-artifact-2024-02-02T13:32:30.441615+00:00.json
	new file:   ansible_facts/playbook.yaml
	new file:   ansible_inventory_variables/ansible-navigator.log
	new file:   ansible_inventory_variables/ansible.cfg
	new file:   ansible_inventory_variables/group_vars/centos.yaml
	new file:   ansible_inventory_variables/host_vars/node1.yaml
	new file:   ansible_inventory_variables/host_vars/node2.yaml
	new file:   ansible_inventory_variables/inventory
	new file:   ansible_inventory_variables/playbook-artifact-2024-02-02T09:44:37.719684+00:00.json
	new file:   ansible_inventory_variables/playbook-artifact-2024-02-02T09:45:09.688675+00:00.json
	new file:   ansible_inventory_variables/playbook-artifact-2024-02-02T10:00:05.931156+00:00.json
	new file:   ansible_inventory_variables/playbook-artifact-2024-02-02T10:00:28.056640+00:00.json
	new file:   ansible_inventory_variables/playbook-artifact-2024-02-02T10:07:41.578047+00:00.json
	new file:   ansible_inventory_variables/playbook-artifact-2024-02-02T10:08:16.637351+00:00.json
	new file:   ansible_inventory_variables/playbook.yaml
	new file:   ansible_variables/ansible-navigator.log
	new file:   ansible_variables/ansible.cfg
	new file:   ansible_variables/inventory
	new file:   ansible_variables/playbook-artifact-2024-02-02T07:54:11.744918+00:00.json
	new file:   ansible_variables/playbook-artifact-2024-02-02T07:54:30.578390+00:00.json
	new file:   ansible_variables/playbook-artifact-2024-02-02T07:55:34.081446+00:00.json
	new file:   ansible_variables/playbook-artifact-2024-02-02T07:57:07.422192+00:00.json
	new file:   ansible_variables/playbook-artifact-2024-02-02T07:58:05.083331+00:00.json
	new file:   ansible_variables/playbook.yaml
	new file:   ansible_variables_from_file/ansible-navigator.log
	new file:   ansible_variables_from_file/ansible.cfg
	new file:   ansible_variables_from_file/inventory
	new file:   ansible_variables_from_file/playbook-artifact-2024-02-02T08:55:30.919475+00:00.json
	new file:   ansible_variables_from_file/playbook-artifact-2024-02-02T09:03:41.457883+00:00.json
	new file:   ansible_variables_from_file/playbook.yaml
	new file:   ansible_variables_from_file/vars/packages.yaml
	new file:   playbook.yaml
	new file:   temp.cfg
	new file:   temp_navigator.cfg

[student@master ansible_examples]$ git commit -m "First commit of ansible_examples"
[master (root-commit) 6ed714c] First commit of ansible_examples
 45 files changed, 54685 insertions(+)
 create mode 100644 .vscode/settings.json
 create mode 100644 ansible-navigator.log
 create mode 100644 ansible-navigator.yml
 create mode 100644 ansible.cfg_hide
 create mode 100644 ansible.cfg_old
 create mode 100644 ansible_basic/ansible.cfg
 create mode 100644 ansible_basic/inventory
 create mode 100644 ansible_basic/playbook.yaml
 create mode 100644 ansible_facts/ansible-navigator.log
 create mode 100644 ansible_facts/ansible.cfg
 create mode 100644 ansible_facts/inventory
 create mode 100644 ansible_facts/playbook-artifact-2024-02-02T13:32:30.441615+00:00.json
 create mode 100644 ansible_facts/playbook.yaml
 create mode 100644 ansible_inventory_variables/ansible-navigator.log
 create mode 100644 ansible_inventory_variables/ansible.cfg
 create mode 100644 ansible_inventory_variables/group_vars/centos.yaml
 create mode 100644 ansible_inventory_variables/host_vars/node1.yaml
 create mode 100644 ansible_inventory_variables/host_vars/node2.yaml
 create mode 100644 ansible_inventory_variables/inventory
 create mode 100644 ansible_inventory_variables/playbook-artifact-2024-02-02T09:44:37.719684+00:00.json
 create mode 100644 ansible_inventory_variables/playbook-artifact-2024-02-02T09:45:09.688675+00:00.json
 create mode 100644 ansible_inventory_variables/playbook-artifact-2024-02-02T10:00:05.931156+00:00.json
 create mode 100644 ansible_inventory_variables/playbook-artifact-2024-02-02T10:00:28.056640+00:00.json
 create mode 100644 ansible_inventory_variables/playbook-artifact-2024-02-02T10:07:41.578047+00:00.json
 create mode 100644 ansible_inventory_variables/playbook-artifact-2024-02-02T10:08:16.637351+00:00.json
 create mode 100644 ansible_inventory_variables/playbook.yaml
 create mode 100644 ansible_variables/ansible-navigator.log
 create mode 100644 ansible_variables/ansible.cfg
 create mode 100644 ansible_variables/inventory
 create mode 100644 ansible_variables/playbook-artifact-2024-02-02T07:54:11.744918+00:00.json
 create mode 100644 ansible_variables/playbook-artifact-2024-02-02T07:54:30.578390+00:00.json
 create mode 100644 ansible_variables/playbook-artifact-2024-02-02T07:55:34.081446+00:00.json
 create mode 100644 ansible_variables/playbook-artifact-2024-02-02T07:57:07.422192+00:00.json
 create mode 100644 ansible_variables/playbook-artifact-2024-02-02T07:58:05.083331+00:00.json
 create mode 100644 ansible_variables/playbook.yaml
 create mode 100644 ansible_variables_from_file/ansible-navigator.log
 create mode 100644 ansible_variables_from_file/ansible.cfg
 create mode 100644 ansible_variables_from_file/inventory
 create mode 100644 ansible_variables_from_file/playbook-artifact-2024-02-02T08:55:30.919475+00:00.json
 create mode 100644 ansible_variables_from_file/playbook-artifact-2024-02-02T09:03:41.457883+00:00.json
 create mode 100644 ansible_variables_from_file/playbook.yaml
 create mode 100644 ansible_variables_from_file/vars/packages.yaml
 create mode 100644 playbook.yaml
 create mode 100644 temp.cfg
 create mode 100644 temp_navigator.cfg
[student@master ansible_examples]$ git remote add origin https://github.com/lars-karred-larsen/ansible_examples.git
[student@master ansible_examples]$ git push -u origin master
Username for 'https://github.com': lars-karred-larsen
Password for 'https://lars-karred-larsen@github.com': 
remote: Support for password authentication was removed on August 13, 2021.
remote: Please see https://docs.github.com/en/get-started/getting-started-with-git/about-remote-repositories#cloning-with-https-urls for information on currently recommended modes of authentication.
fatal: Authentication failed for 'https://github.com/lars-karred-larsen/ansible_examples.git/'
[student@master ansible_examples]$ echo github_pat_11BFZ4GPI06gSWlNCbzQceabPqSDRj6zROh7gdqXpmYhDTRevqaefguYUXEOWWFYKdgYUhe > ../github-token.txt
[student@master ansible_examples]$ git push -u origin master
Username for 'https://github.com': lars-karred-larsen
Password for 'https://lars-karred-larsen@github.com': 
remote: Support for password authentication was removed on August 13, 2021.
remote: Please see https://docs.github.com/en/get-started/getting-started-with-git/about-remote-repositories#cloning-with-https-urls for information on currently recommended modes of authentication.
fatal: Authentication failed for 'https://github.com/lars-karred-larsen/ansible_examples.git/'
[student@master ansible_examples]$ github_pat_11BFZ4GPI06gSWlNCbzQceabPqSDRj6zROh7gdqXpmYhDTRevqaefguYUXEOWWFYKdgYUhe^C
[student@master ansible_examples]$ git push -u origin master
Username for 'https://github.com': lars-karred-larsen
Password for 'https://lars-karred-larsen@github.com': 
remote: Support for password authentication was removed on August 13, 2021.
remote: Please see https://docs.github.com/en/get-started/getting-started-with-git/about-remote-repositories#cloning-with-https-urls for information on currently recommended modes of authentication.
fatal: Authentication failed for 'https://github.com/lars-karred-larsen/ansible_examples.git/'
[student@master ansible_examples]$ git config --global credential.helper '!f() {sleep1; echo "username=git token=github_pat_11BFZ4GPI06gSWlNCbzQceabPqSDRj6zROh7gdqXpmYhDTRevqaefguYUXEOWWFYKdgYUhe"; }; f'
[student@master ansible_examples]$ git push -u origin master
f() {sleep1; echo "username=git token=github_pat_11BFZ4GPI06gSWlNCbzQceabPqSDRj6zROh7gdqXpmYhDTRevqaefguYUXEOWWFYKdgYUhe"; }; f get: -c: line 1: syntax error near unexpected token `{sleep1'
f() {sleep1; echo "username=git token=github_pat_11BFZ4GPI06gSWlNCbzQceabPqSDRj6zROh7gdqXpmYhDTRevqaefguYUXEOWWFYKdgYUhe"; }; f get: -c: line 1: `f() {sleep1; echo "username=git token=github_pat_11BFZ4GPI06gSWlNCbzQceabPqSDRj6zROh7gdqXpmYhDTRevqaefguYUXEOWWFYKdgYUhe"; }; f get'
Username for 'https://github.com': ^[[A^[[A^[[B^C
[student@master ansible_examples]$ git config --global credential.helper '!f() {sleep 1; echo "username=git token=github_pat_11BFZ4GPI06gSWlNCbzQceabPqSDRj6zROh7gdqXpmYhDTRevqaefguYUXEOWWFYKdgYUhe"; }; f'
[student@master ansible_examples]$ git push -u origin master
f() {sleep 1; echo "username=git token=github_pat_11BFZ4GPI06gSWlNCbzQceabPqSDRj6zROh7gdqXpmYhDTRevqaefguYUXEOWWFYKdgYUhe"; }; f get: -c: line 1: syntax error near unexpected token `{sleep'
f() {sleep 1; echo "username=git token=github_pat_11BFZ4GPI06gSWlNCbzQceabPqSDRj6zROh7gdqXpmYhDTRevqaefguYUXEOWWFYKdgYUhe"; }; f get: -c: line 1: `f() {sleep 1; echo "username=git token=github_pat_11BFZ4GPI06gSWlNCbzQceabPqSDRj6zROh7gdqXpmYhDTRevqaefguYUXEOWWFYKdgYUhe"; }; f get'
Username for 'https://github.com': 
Password for 'https://github.com': 
f() {sleep 1; echo "username=git token=github_pat_11BFZ4GPI06gSWlNCbzQceabPqSDRj6zROh7gdqXpmYhDTRevqaefguYUXEOWWFYKdgYUhe"; }; f erase: -c: line 1: syntax error near unexpected token `{sleep'
f() {sleep 1; echo "username=git token=github_pat_11BFZ4GPI06gSWlNCbzQceabPqSDRj6zROh7gdqXpmYhDTRevqaefguYUXEOWWFYKdgYUhe"; }; f erase: -c: line 1: `f() {sleep 1; echo "username=git token=github_pat_11BFZ4GPI06gSWlNCbzQceabPqSDRj6zROh7gdqXpmYhDTRevqaefguYUXEOWWFYKdgYUhe"; }; f erase'
remote: No anonymous write access.
fatal: Authentication failed for 'https://github.com/lars-karred-larsen/ansible_examples.git/'
[student@master ansible_examples]$ git config --global credential.helper '!f() { sleep 1; echo "username=git token=github_pat_11BFZ4GPI06gSWlNCbzQceabPqSDRj6zROh7gdqXpmYhDTRevqaefguYUXEOWWFYKdgYUhe"; }; f'
[student@master ansible_examples]$ git push -u origin master
Password for 'https://git token=github_pat_11BFZ4GPI06gSWlNCbzQceabPqSDRj6zROh7gdqXpmYhDTRevqaefguYUXEOWWFYKdgYUhe@github.com': 
remote: Invalid username or password.
fatal: Authentication failed for 'https://github.com/lars-karred-larsen/ansible_examples.git/'
[student@master ansible_examples]$ echo "Copied until here: -------------------------------------------------------------------"
Copied until here: -------------------------------------------------------------------
[student@master ansible_examples]$ 

